yarn run v1.22.22
$ yarn prepare:content && next build
$ yarn normalize:content && yarn prepare:docs && fumadocs-mdx
$ node scripts/normalize-content.mjs
$ node scripts/generate-docs-meta.mjs
[MDX] generated files in 31.345000000000027ms
??Next.js 16.2.4 (Turbopack)

[MDX] generated files in 158.1280999999999ms
  Creating an optimized production build ...
node.exe : Turbopack build encountered 1 warnings:
위치 C:\Users\bkkwk\AppData\Roaming\npm\yarn.ps1:24 문자:5
+     & "node$exe"  "$basedir/node_modules/yarn/bin/yarn.js" $args
+     ~~~~~~~~~~~~~~~~~~~~~~~~~~~~~~~~~~~~~~~~~~~~~~~~~~~~~~~~~~~~
    + CategoryInfo          : NotSpecified: (Turbopack build encountered 1 warnings::String) [], RemoteException
    + FullyQualifiedErrorId : NativeCommandError
 
./next.config.mjs
Encountered unexpected file in NFT list
A file was traced that indicates that the whole project was traced unintentionally. Somewhere in the import trace below, there are:
- filesystem operations (like path.join, path.resolve or fs.readFile), or
- very dynamic requires (like require('./' + foo)).
To resolve this, you can
- remove them if possible, or
- only use them in development, or
- make sure they are statically scoped to some subfolder: path.join(process.cwd(), 'data', bar), or
- add ignore comments: path.join(/*turbopackIgnore: true*/ process.cwd(), bar)

Import trace:
  Server Component:
    ./next.config.mjs
    ./legacy/components/blog-renderer.tsx
    ./app/blog/[[...slug]]/page.tsx



> Build error occurred
Error: Turbopack build failed with 61 errors:
./legacy/components/theme/CardMedia.tsx:2:1
Module not found: Can't resolve '../../../static/svg/Check.svg'
  [90m1 |[0m [36mimport[0m { motion } [36mfrom[0m [32m"framer-motion"[0m;
[31m[1m>[0m [90m2 |[0m [36mimport[0m [33mCheckIcon[0m [36mfrom[0m [32m"../../../static/svg/Check.svg"[0m
  [90m  |[0m [31m[1m^^^^^^^^^^^^^^^^^^^^^^^^^^^^^^^^^^^^^^^^^^^^^^^^^^^^^[0m
  [90m3 |[0m [36mimport[0m useBaseUrl [36mfrom[0m [32m"@docusaurus/useBaseUrl"[0m;
  [90m4 |[0m
  [90m5 |[0m [36mconst[0m [33mMediaText[0m = ({title, descriptions}: {title: string, descriptions: {subTitle: string; ...



Import traces:
  Server Component:
    ./legacy/components/theme/CardMedia.tsx
    ./legacy/components/blog-renderer.tsx
    ./app/blog/[[...slug]]/page.tsx

  Client Component Browser:
    ./legacy/components/theme/CardMedia.tsx [Client Component Browser]
    ./legacy/site-pages/scope3.tsx [Client Component Browser]
    ./legacy/site-pages/scope3.tsx [Server Component]
    ./lib/site-pages.tsx [Server Component]
    ./app/[...slug]/page.tsx [Server Component]

  Client Component SSR:
    ./legacy/components/theme/CardMedia.tsx [Client Component SSR]
    ./legacy/site-pages/scope3.tsx [Client Component SSR]
    ./legacy/site-pages/scope3.tsx [Server Component]
    ./lib/site-pages.tsx [Server Component]
    ./app/[...slug]/page.tsx [Server Component]

https://nextjs.org/docs/messages/module-not-found


./legacy/site-pages/cbam.tsx:13:1
Module not found: Can't resolve '../../static/svg/Arrow.svg'
  [90m11 |[0m [36mimport[0m useBaseUrl [36mfrom[0m [32m'@docusaurus/useBaseUrl'[0m;
  [90m12 |[0m [36mimport[0m [33mHero[0m [36mfrom[0m [32m'../components/hanaloop/Hero'[0m;
[31m[1m>[0m [90m13 |[0m [36mimport[0m [33mArrowIcon[0m [36mfrom[0m [32m"../../static/svg/Arrow.svg"[0m;
  [90m   |[0m [31m[1m^^^^^^^^^^^^^^^^^^^^^^^^^^^^^^^^^^^^^^^^^^^^^^^^^^^[0m
  [90m14 |[0m [36mimport[0m [33mClipboardCheckIcon[0m [36mfrom[0m [32m"../../static/svg/ClipboardCheck.svg"[0m; 
  [90m15 |[0m [36mimport[0m [33mListCheckIcon[0m [36mfrom[0m [32m"../../static/svg/ListCheck.svg"[0m; 
  [90m16 |[0m [36mimport[0m [33mGlobeIcon[0m [36mfrom[0m [32m"../../static/svg/Globe.svg"[0m;



Import traces:
  #1 [Server Component]:
    ./legacy/site-pages/cbam.tsx
    ./legacy/components/blog-renderer.tsx
    ./app/blog/[[...slug]]/page.tsx

  #2 [Server Component]:
    ./legacy/site-pages/cbam.tsx
    ./lib/site-pages.tsx
    ./app/[...slug]/page.tsx

https://nextjs.org/docs/messages/module-not-found


./legacy/site-pages/index.tsx:11:1
Module not found: Can't resolve '../../static/svg/Arrow.svg'
  [90m 9 |[0m [36mimport[0m [33mSectionBlock[0m [36mfrom[0m [32m"../components/theme/SectionBlock"[0m;
  [90m10 |[0m [36mimport[0m { motion } [36mfrom[0m [32m"framer-motion"[0m;
[31m[1m>[0m [90m11 |[0m [36mimport[0m [33mArrowIcon[0m [36mfrom[0m [32m"../../static/svg/Arrow.svg"[0m;
  [90m   |[0m [31m[1m^^^^^^^^^^^^^^^^^^^^^^^^^^^^^^^^^^^^^^^^^^^^^^^^^^^[0m
  [90m12 |[0m [36mimport[0m [33mStrategyIcon[0m [36mfrom[0m [32m"../../static/svg/Strategy.svg"[0m;
  [90m13 |[0m [36mimport[0m [33mChartIcon[0m [36mfrom[0m [32m"../../static/svg/Chart.svg"[0m;
  [90m14 |[0m [36mimport[0m [33mChain[0m [36mfrom[0m [32m"../../static/svg/Chain.svg"[0m;



Import traces:
  #1 [Server Component]:
    ./legacy/site-pages/index.tsx
    ./legacy/components/blog-renderer.tsx
    ./app/blog/[[...slug]]/page.tsx

  #2 [Server Component]:
    ./legacy/site-pages/index.tsx
    ./lib/site-pages.tsx
    ./app/[...slug]/page.tsx

https://nextjs.org/docs/messages/module-not-found


./legacy/site-pages/scope3.tsx:13:1
Module not found: Can't resolve '../../static/svg/Arrow.svg'
  [90m11 |[0m [36mimport[0m useBaseUrl [36mfrom[0m [32m'@docusaurus/useBaseUrl'[0m;
  [90m12 |[0m [36mimport[0m [33mHero[0m [36mfrom[0m [32m'../components/hanaloop/Hero'[0m;
[31m[1m>[0m [90m13 |[0m [36mimport[0m [33mArrowIcon[0m [36mfrom[0m [32m"../../static/svg/Arrow.svg"[0m;
  [90m   |[0m [31m[1m^^^^^^^^^^^^^^^^^^^^^^^^^^^^^^^^^^^^^^^^^^^^^^^^^^^[0m
  [90m14 |[0m [36mimport[0m [33mClipboardCheckIcon[0m [36mfrom[0m [32m"../../static/svg/ClipboardCheck.svg"[0m; 
  [90m15 |[0m [36mimport[0m [33mListCheckIcon[0m [36mfrom[0m [32m"../../static/svg/ListCheck.svg"[0m; 
  [90m16 |[0m [36mimport[0m { getPageData } [36mfrom[0m [32m'@/lib/page-data'[0m;



Import traces:
  #1 [Server Component]:
    ./legacy/site-pages/scope3.tsx
    ./legacy/components/blog-renderer.tsx
    ./app/blog/[[...slug]]/page.tsx

  #2 [Server Component]:
    ./legacy/site-pages/scope3.tsx
    ./lib/site-pages.tsx
    ./app/[...slug]/page.tsx

https://nextjs.org/docs/messages/module-not-found


./legacy/site-pages/cbam.tsx:9:1
Module not found: Can't resolve '../../static/svg/Board.svg'
  [90m 7 |[0m [36mimport[0m useDocusaurusContext [36mfrom[0m [32m'@docusaurus/useDocusaurusContext'[0m;
  [90m 8 |[0m [36mimport[0m { motion } [36mfrom[0m [32m"framer-motion"[0m;
[31m[1m>[0m [90m 9 |[0m [36mimport[0m [33mBoard[0m [36mfrom[0m [32m"../../static/svg/Board.svg"[0m;
  [90m   |[0m [31m[1m^^^^^^^^^^^^^^^^^^^^^^^^^^^^^^^^^^^^^^^^^^^^^^^[0m
  [90m10 |[0m [36mimport[0m { [33mCardMediaImage[0m } [36mfrom[0m [32m'../components/theme/CardMedia'[0m;
  [90m11 |[0m [36mimport[0m useBaseUrl [36mfrom[0m [32m'@docusaurus/useBaseUrl'[0m;
  [90m12 |[0m [36mimport[0m [33mHero[0m [36mfrom[0m [32m'../components/hanaloop/Hero'[0m;



Import traces:
  #1 [Server Component]:
    ./legacy/site-pages/cbam.tsx
    ./legacy/components/blog-renderer.tsx
    ./app/blog/[[...slug]]/page.tsx

  #2 [Server Component]:
    ./legacy/site-pages/cbam.tsx
    ./lib/site-pages.tsx
    ./app/[...slug]/page.tsx

https://nextjs.org/docs/messages/module-not-found


./legacy/site-pages/hana-ai.tsx:10:1
Module not found: Can't resolve '../../static/svg/Board.svg'
  [90m 8 |[0m [36mimport[0m { motion } [36mfrom[0m [32m"framer-motion"[0m;
  [90m 9 |[0m [36mimport[0m [33mChartIcon[0m [36mfrom[0m [32m"../../static/svg/Chart.svg"[0m;
[31m[1m>[0m [90m10 |[0m [36mimport[0m [33mBoard[0m [36mfrom[0m [32m"../../static/svg/Board.svg"[0m;
  [90m   |[0m [31m[1m^^^^^^^^^^^^^^^^^^^^^^^^^^^^^^^^^^^^^^^^^^^^^^^[0m
  [90m11 |[0m [36mimport[0m { [33mCardMediaImage[0m } [36mfrom[0m [32m'../components/theme/CardMedia'[0m;
  [90m12 |[0m [36mimport[0m useBaseUrl [36mfrom[0m [32m'@docusaurus/useBaseUrl'[0m;
  [90m13 |[0m [36mimport[0m [33mHero[0m [36mfrom[0m [32m'../components/hanaloop/Hero'[0m;



Import traces:
  #1 [Server Component]:
    ./legacy/site-pages/hana-ai.tsx
    ./legacy/components/blog-renderer.tsx
    ./app/blog/[[...slug]]/page.tsx

  #2 [Server Component]:
    ./legacy/site-pages/hana-ai.tsx
    ./lib/site-pages.tsx
    ./app/[...slug]/page.tsx

https://nextjs.org/docs/messages/module-not-found


./legacy/site-pages/index.tsx:15:1
Module not found: Can't resolve '../../static/svg/Board.svg'
  [90m13 |[0m [36mimport[0m [33mChartIcon[0m [36mfrom[0m [32m"../../static/svg/Chart.svg"[0m;
  [90m14 |[0m [36mimport[0m [33mChain[0m [36mfrom[0m [32m"../../static/svg/Chain.svg"[0m;
[31m[1m>[0m [90m15 |[0m [36mimport[0m [33mBoard[0m [36mfrom[0m [32m"../../static/svg/Board.svg"[0m;
  [90m   |[0m [31m[1m^^^^^^^^^^^^^^^^^^^^^^^^^^^^^^^^^^^^^^^^^^^^^^^[0m
  [90m16 |[0m [36mimport[0m [33mClipboardCheckIcon[0m [36mfrom[0m [32m"../../static/svg/ClipboardCheck.svg"[0m; 
  [90m17 |[0m [36mimport[0m [33mFileCheckIcon[0m [36mfrom[0m [32m"../../static/svg/FileCheck.svg"[0m; 
  [90m18 |[0m [36mimport[0m [33mListCheckIcon[0m [36mfrom[0m [32m"../../static/svg/ListCheck.svg"[0m;



Import traces:
  #1 [Server Component]:
    ./legacy/site-pages/index.tsx
    ./legacy/components/blog-renderer.tsx
    ./app/blog/[[...slug]]/page.tsx

  #2 [Server Component]:
    ./legacy/site-pages/index.tsx
    ./lib/site-pages.tsx
    ./app/[...slug]/page.tsx

https://nextjs.org/docs/messages/module-not-found


./legacy/site-pages/pcf.tsx:9:1
Module not found: Can't resolve '../../static/svg/Board.svg'
  [90m 7 |[0m [36mimport[0m useDocusaurusContext [36mfrom[0m [32m'@docusaurus/useDocusaurusContext'[0m;
  [90m 8 |[0m [36mimport[0m { motion } [36mfrom[0m [32m"framer-motion"[0m;
[31m[1m>[0m [90m 9 |[0m [36mimport[0m [33mBoard[0m [36mfrom[0m [32m"../../static/svg/Board.svg"[0m;
  [90m   |[0m [31m[1m^^^^^^^^^^^^^^^^^^^^^^^^^^^^^^^^^^^^^^^^^^^^^^^[0m
  [90m10 |[0m [36mimport[0m { [33mCardMediaImage[0m } [36mfrom[0m [32m'../components/theme/CardMedia'[0m;
  [90m11 |[0m [36mimport[0m useBaseUrl [36mfrom[0m [32m'@docusaurus/useBaseUrl'[0m;
  [90m12 |[0m [36mimport[0m [33mHero[0m [36mfrom[0m [32m'../components/hanaloop/Hero'[0m;



Import traces:
  #1 [Server Component]:
    ./legacy/site-pages/pcf.tsx
    ./legacy/components/blog-renderer.tsx
    ./app/blog/[[...slug]]/page.tsx

  #2 [Server Component]:
    ./legacy/site-pages/pcf.tsx
    ./lib/site-pages.tsx
    ./app/[...slug]/page.tsx

https://nextjs.org/docs/messages/module-not-found


./legacy/site-pages/scope3.tsx:9:1
Module not found: Can't resolve '../../static/svg/Board.svg'
  [90m 7 |[0m [36mimport[0m useDocusaurusContext [36mfrom[0m [32m'@docusaurus/useDocusaurusContext'[0m;
  [90m 8 |[0m [36mimport[0m { motion } [36mfrom[0m [32m"framer-motion"[0m;
[31m[1m>[0m [90m 9 |[0m [36mimport[0m [33mBoard[0m [36mfrom[0m [32m"../../static/svg/Board.svg"[0m;
  [90m   |[0m [31m[1m^^^^^^^^^^^^^^^^^^^^^^^^^^^^^^^^^^^^^^^^^^^^^^^[0m
  [90m10 |[0m [36mimport[0m { [33mCardMediaImage[0m } [36mfrom[0m [32m'../components/theme/CardMedia'[0m;
  [90m11 |[0m [36mimport[0m useBaseUrl [36mfrom[0m [32m'@docusaurus/useBaseUrl'[0m;
  [90m12 |[0m [36mimport[0m [33mHero[0m [36mfrom[0m [32m'../components/hanaloop/Hero'[0m;



Import traces:
  #1 [Server Component]:
    ./legacy/site-pages/scope3.tsx
    ./legacy/components/blog-renderer.tsx
    ./app/blog/[[...slug]]/page.tsx

  #2 [Server Component]:
    ./legacy/site-pages/scope3.tsx
    ./lib/site-pages.tsx
    ./app/[...slug]/page.tsx

https://nextjs.org/docs/messages/module-not-found


./legacy/data/company_en.data.tsx:3:1
Module not found: Can't resolve '../../static/svg/Bold.svg'
  [90m1 |[0m [90m// Used by [0m
  [90m2 |[0m [36mimport[0m [33mSynergyIcon[0m [36mfrom[0m [32m"../../static/svg/Synergy.svg"[0m;
[31m[1m>[0m [90m3 |[0m [36mimport[0m [33mBoldIcon[0m [36mfrom[0m [32m"../../static/svg/Bold.svg"[0m;
  [90m  |[0m [31m[1m^^^^^^^^^^^^^^^^^^^^^^^^^^^^^^^^^^^^^^^^^^^^^^^^^[0m
  [90m4 |[0m [36mimport[0m [33mReliableIcon[0m [36mfrom[0m [32m"../../static/svg/Reliable.svg"[0m;
  [90m5 |[0m
  [90m6 |[0m [36mexport[0m [36mconst[0m content = {



Import traces:
  Server Component:
    ./legacy/data/company_en.data.tsx
    ./legacy/components/blog-renderer.tsx
    ./app/blog/[[...slug]]/page.tsx

  Client Component Browser:
    ./legacy/data/company_en.data.tsx [Client Component Browser]
    ./lib/page-data.ts [Client Component Browser]
    ./legacy/site-pages/solution.tsx [Client Component Browser]
    ./legacy/site-pages/solution.tsx [Server Component]
    ./lib/site-pages.tsx [Server Component]
    ./app/[...slug]/page.tsx [Server Component]

  Client Component SSR:
    ./legacy/data/company_en.data.tsx [Client Component SSR]
    ./lib/page-data.ts [Client Component SSR]
    ./legacy/site-pages/solution.tsx [Client Component SSR]
    ./legacy/site-pages/solution.tsx [Server Component]
    ./lib/site-pages.tsx [Server Component]
    ./app/[...slug]/page.tsx [Server Component]

https://nextjs.org/docs/messages/module-not-found


./legacy/data/company_es.data.tsx:2:1
Module not found: Can't resolve '../../static/svg/Bold.svg'
  [90m1 |[0m [36mimport[0m [33mSynergyIcon[0m [36mfrom[0m [32m"../../static/svg/Synergy.svg"[0m;
[31m[1m>[0m [90m2 |[0m [36mimport[0m [33mBoldIcon[0m [36mfrom[0m [32m"../../static/svg/Bold.svg"[0m;
  [90m  |[0m [31m[1m^^^^^^^^^^^^^^^^^^^^^^^^^^^^^^^^^^^^^^^^^^^^^^^^^[0m
  [90m3 |[0m [36mimport[0m [33mReliableIcon[0m [36mfrom[0m [32m"../../static/svg/Reliable.svg"[0m;
  [90m4 |[0m
  [90m5 |[0m [36mexport[0m [36mconst[0m content = {



Import traces:
  Server Component:
    ./legacy/data/company_es.data.tsx
    ./legacy/components/blog-renderer.tsx
    ./app/blog/[[...slug]]/page.tsx

  Client Component Browser:
    ./legacy/data/company_es.data.tsx [Client Component Browser]
    ./lib/page-data.ts [Client Component Browser]
    ./legacy/site-pages/solution.tsx [Client Component Browser]
    ./legacy/site-pages/solution.tsx [Server Component]
    ./lib/site-pages.tsx [Server Component]
    ./app/[...slug]/page.tsx [Server Component]

  Client Component SSR:
    ./legacy/data/company_es.data.tsx [Client Component SSR]
    ./lib/page-data.ts [Client Component SSR]
    ./legacy/site-pages/solution.tsx [Client Component SSR]
    ./legacy/site-pages/solution.tsx [Server Component]
    ./lib/site-pages.tsx [Server Component]
    ./app/[...slug]/page.tsx [Server Component]

https://nextjs.org/docs/messages/module-not-found


./legacy/data/company_ko.data.tsx:3:1
Module not found: Can't resolve '../../static/svg/Bold.svg'
  [90m1 |[0m [90m// Used by [0m
  [90m2 |[0m [36mimport[0m [33mSynergyIcon[0m [36mfrom[0m [32m"../../static/svg/Synergy.svg"[0m;
[31m[1m>[0m [90m3 |[0m [36mimport[0m [33mBoldIcon[0m [36mfrom[0m [32m"../../static/svg/Bold.svg"[0m;
  [90m  |[0m [31m[1m^^^^^^^^^^^^^^^^^^^^^^^^^^^^^^^^^^^^^^^^^^^^^^^^^[0m
  [90m4 |[0m [36mimport[0m [33mReliableIcon[0m [36mfrom[0m [32m"../../static/svg/Reliable.svg"[0m;
  [90m5 |[0m
  [90m6 |[0m [36mexport[0m [36mconst[0m content = {



Import traces:
  Server Component:
    ./legacy/data/company_ko.data.tsx
    ./legacy/components/blog-renderer.tsx
    ./app/blog/[[...slug]]/page.tsx

  Client Component Browser:
    ./legacy/data/company_ko.data.tsx [Client Component Browser]
    ./lib/page-data.ts [Client Component Browser]
    ./legacy/site-pages/solution.tsx [Client Component Browser]
    ./legacy/site-pages/solution.tsx [Server Component]
    ./lib/site-pages.tsx [Server Component]
    ./app/[...slug]/page.tsx [Server Component]

  Client Component SSR:
    ./legacy/data/company_ko.data.tsx [Client Component SSR]
    ./lib/page-data.ts [Client Component SSR]
    ./legacy/site-pages/solution.tsx [Client Component SSR]
    ./legacy/site-pages/solution.tsx [Server Component]
    ./lib/site-pages.tsx [Server Component]
    ./app/[...slug]/page.tsx [Server Component]

https://nextjs.org/docs/messages/module-not-found


./legacy/site-pages/index.tsx:14:1
Module not found: Can't resolve '../../static/svg/Chain.svg'
  [90m12 |[0m [36mimport[0m [33mStrategyIcon[0m [36mfrom[0m [32m"../../static/svg/Strategy.svg"[0m;
  [90m13 |[0m [36mimport[0m [33mChartIcon[0m [36mfrom[0m [32m"../../static/svg/Chart.svg"[0m;
[31m[1m>[0m [90m14 |[0m [36mimport[0m [33mChain[0m [36mfrom[0m [32m"../../static/svg/Chain.svg"[0m;
  [90m   |[0m [31m[1m^^^^^^^^^^^^^^^^^^^^^^^^^^^^^^^^^^^^^^^^^^^^^^^[0m
  [90m15 |[0m [36mimport[0m [33mBoard[0m [36mfrom[0m [32m"../../static/svg/Board.svg"[0m;
  [90m16 |[0m [36mimport[0m [33mClipboardCheckIcon[0m [36mfrom[0m [32m"../../static/svg/ClipboardCheck.svg"[0m; 
  [90m17 |[0m [36mimport[0m [33mFileCheckIcon[0m [36mfrom[0m [32m"../../static/svg/FileCheck.svg"[0m;



Import traces:
  #1 [Server Component]:
    ./legacy/site-pages/index.tsx
    ./legacy/components/blog-renderer.tsx
    ./app/blog/[[...slug]]/page.tsx

  #2 [Server Component]:
    ./legacy/site-pages/index.tsx
    ./lib/site-pages.tsx
    ./app/[...slug]/page.tsx

https://nextjs.org/docs/messages/module-not-found


./legacy/site-pages/hana-ai.tsx:9:1
Module not found: Can't resolve '../../static/svg/Chart.svg'
  [90m 7 |[0m [36mimport[0m useDocusaurusContext [36mfrom[0m [32m'@docusaurus/useDocusaurusContext'[0m;
  [90m 8 |[0m [36mimport[0m { motion } [36mfrom[0m [32m"framer-motion"[0m;
[31m[1m>[0m [90m 9 |[0m [36mimport[0m [33mChartIcon[0m [36mfrom[0m [32m"../../static/svg/Chart.svg"[0m;
  [90m   |[0m [31m[1m^^^^^^^^^^^^^^^^^^^^^^^^^^^^^^^^^^^^^^^^^^^^^^^^^^^[0m
  [90m10 |[0m [36mimport[0m [33mBoard[0m [36mfrom[0m [32m"../../static/svg/Board.svg"[0m;
  [90m11 |[0m [36mimport[0m { [33mCardMediaImage[0m } [36mfrom[0m [32m'../components/theme/CardMedia'[0m;
  [90m12 |[0m [36mimport[0m useBaseUrl [36mfrom[0m [32m'@docusaurus/useBaseUrl'[0m;



Import traces:
  #1 [Server Component]:
    ./legacy/site-pages/hana-ai.tsx
    ./legacy/components/blog-renderer.tsx
    ./app/blog/[[...slug]]/page.tsx

  #2 [Server Component]:
    ./legacy/site-pages/hana-ai.tsx
    ./lib/site-pages.tsx
    ./app/[...slug]/page.tsx

https://nextjs.org/docs/messages/module-not-found


./legacy/site-pages/index.tsx:13:1
Module not found: Can't resolve '../../static/svg/Chart.svg'
  [90m11 |[0m [36mimport[0m [33mArrowIcon[0m [36mfrom[0m [32m"../../static/svg/Arrow.svg"[0m;
  [90m12 |[0m [36mimport[0m [33mStrategyIcon[0m [36mfrom[0m [32m"../../static/svg/Strategy.svg"[0m;
[31m[1m>[0m [90m13 |[0m [36mimport[0m [33mChartIcon[0m [36mfrom[0m [32m"../../static/svg/Chart.svg"[0m;
  [90m   |[0m [31m[1m^^^^^^^^^^^^^^^^^^^^^^^^^^^^^^^^^^^^^^^^^^^^^^^^^^^[0m
  [90m14 |[0m [36mimport[0m [33mChain[0m [36mfrom[0m [32m"../../static/svg/Chain.svg"[0m;
  [90m15 |[0m [36mimport[0m [33mBoard[0m [36mfrom[0m [32m"../../static/svg/Board.svg"[0m;
  [90m16 |[0m [36mimport[0m [33mClipboardCheckIcon[0m [36mfrom[0m [32m"../../static/svg/ClipboardCheck.svg"[0m;



Import traces:
  #1 [Server Component]:
    ./legacy/site-pages/index.tsx
    ./legacy/components/blog-renderer.tsx
    ./app/blog/[[...slug]]/page.tsx

  #2 [Server Component]:
    ./legacy/site-pages/index.tsx
    ./lib/site-pages.tsx
    ./app/[...slug]/page.tsx

https://nextjs.org/docs/messages/module-not-found


./legacy/site-pages/cbam.tsx:14:1
Module not found: Can't resolve '../../static/svg/ClipboardCheck.svg'
  [90m12 |[0m [36mimport[0m [33mHero[0m [36mfrom[0m [32m'../components/hanaloop/Hero'[0m;
  [90m13 |[0m [36mimport[0m [33mArrowIcon[0m [36mfrom[0m [32m"../../static/svg/Arrow.svg"[0m;
[31m[1m>[0m [90m14 |[0m [36mimport[0m [33mClipboardCheckIcon[0m [36mfrom[0m [32m"../../static/svg/ClipboardCheck.svg"[0m; 
  [90m   |[0m [31m[1m^^^^^^^^^^^^^^^^^^^^^^^^^^^^^^^^^^^^^^^^^^^^^^^^^^^^^^^^^^^^^^^^^^^^^[0m
  [90m15 |[0m [36mimport[0m [33mListCheckIcon[0m [36mfrom[0m [32m"../../static/svg/ListCheck.svg"[0m; 
  [90m16 |[0m [36mimport[0m [33mGlobeIcon[0m [36mfrom[0m [32m"../../static/svg/Globe.svg"[0m; 
  [90m17 |[0m [36mimport[0m [33mFlagIcon[0m [36mfrom[0m [32m"../../static/svg/Flag.svg"[0m;



Import traces:
  #1 [Server Component]:
    ./legacy/site-pages/cbam.tsx
    ./legacy/components/blog-renderer.tsx
    ./app/blog/[[...slug]]/page.tsx

  #2 [Server Component]:
    ./legacy/site-pages/cbam.tsx
    ./lib/site-pages.tsx
    ./app/[...slug]/page.tsx

https://nextjs.org/docs/messages/module-not-found


./legacy/site-pages/index.tsx:16:1
Module not found: Can't resolve '../../static/svg/ClipboardCheck.svg'
  [90m14 |[0m [36mimport[0m [33mChain[0m [36mfrom[0m [32m"../../static/svg/Chain.svg"[0m;
  [90m15 |[0m [36mimport[0m [33mBoard[0m [36mfrom[0m [32m"../../static/svg/Board.svg"[0m;
[31m[1m>[0m [90m16 |[0m [36mimport[0m [33mClipboardCheckIcon[0m [36mfrom[0m [32m"../../static/svg/ClipboardCheck.svg"[0m; 
  [90m   |[0m [31m[1m^^^^^^^^^^^^^^^^^^^^^^^^^^^^^^^^^^^^^^^^^^^^^^^^^^^^^^^^^^^^^^^^^^^^^[0m
  [90m17 |[0m [36mimport[0m [33mFileCheckIcon[0m [36mfrom[0m [32m"../../static/svg/FileCheck.svg"[0m; 
  [90m18 |[0m [36mimport[0m [33mListCheckIcon[0m [36mfrom[0m [32m"../../static/svg/ListCheck.svg"[0m; 
  [90m19 |[0m [36mimport[0m [33mLayerIcon[0m [36mfrom[0m [32m"../../static/svg/Layer.svg"[0m;



Import traces:
  #1 [Server Component]:
    ./legacy/site-pages/index.tsx
    ./legacy/components/blog-renderer.tsx
    ./app/blog/[[...slug]]/page.tsx

  #2 [Server Component]:
    ./legacy/site-pages/index.tsx
    ./lib/site-pages.tsx
    ./app/[...slug]/page.tsx

https://nextjs.org/docs/messages/module-not-found


./legacy/site-pages/pcf.tsx:14:1
Module not found: Can't resolve '../../static/svg/ClipboardCheck.svg'
  [90m12 |[0m [36mimport[0m [33mHero[0m [36mfrom[0m [32m'../components/hanaloop/Hero'[0m;
  [90m13 |[0m [36mimport[0m [33mArrowIcon[0m [36mfrom[0m [32m"../../static/svg/Arrow.svg"[0m;
[31m[1m>[0m [90m14 |[0m [36mimport[0m [33mClipboardCheckIcon[0m [36mfrom[0m [32m"../../static/svg/ClipboardCheck.svg"[0m; 
  [90m   |[0m [31m[1m^^^^^^^^^^^^^^^^^^^^^^^^^^^^^^^^^^^^^^^^^^^^^^^^^^^^^^^^^^^^^^^^^^^^^[0m
  [90m15 |[0m [36mimport[0m [33mListCheckIcon[0m [36mfrom[0m [32m"../../static/svg/ListCheck.svg"[0m; 
  [90m16 |[0m [36mimport[0m [33mGlobeIcon[0m [36mfrom[0m [32m"../../static/svg/Globe.svg"[0m; 
  [90m17 |[0m [36mimport[0m [33mFlagIcon[0m [36mfrom[0m [32m"../../static/svg/Flag.svg"[0m;



Import traces:
  #1 [Server Component]:
    ./legacy/site-pages/pcf.tsx
    ./legacy/components/blog-renderer.tsx
    ./app/blog/[[...slug]]/page.tsx

  #2 [Server Component]:
    ./legacy/site-pages/pcf.tsx
    ./lib/site-pages.tsx
    ./app/[...slug]/page.tsx

https://nextjs.org/docs/messages/module-not-found


./legacy/site-pages/scope3.tsx:14:1
Module not found: Can't resolve '../../static/svg/ClipboardCheck.svg'
  [90m12 |[0m [36mimport[0m [33mHero[0m [36mfrom[0m [32m'../components/hanaloop/Hero'[0m;
  [90m13 |[0m [36mimport[0m [33mArrowIcon[0m [36mfrom[0m [32m"../../static/svg/Arrow.svg"[0m;
[31m[1m>[0m [90m14 |[0m [36mimport[0m [33mClipboardCheckIcon[0m [36mfrom[0m [32m"../../static/svg/ClipboardCheck.svg"[0m; 
  [90m   |[0m [31m[1m^^^^^^^^^^^^^^^^^^^^^^^^^^^^^^^^^^^^^^^^^^^^^^^^^^^^^^^^^^^^^^^^^^^^^[0m
  [90m15 |[0m [36mimport[0m [33mListCheckIcon[0m [36mfrom[0m [32m"../../static/svg/ListCheck.svg"[0m; 
  [90m16 |[0m [36mimport[0m { getPageData } [36mfrom[0m [32m'@/lib/page-data'[0m;
  [90m17 |[0m [36mimport[0m { useTranslate } [36mfrom[0m [32m'@/lib/use-translate'[0m;



Import traces:
  #1 [Server Component]:
    ./legacy/site-pages/scope3.tsx
    ./legacy/components/blog-renderer.tsx
    ./app/blog/[[...slug]]/page.tsx

  #2 [Server Component]:
    ./legacy/site-pages/scope3.tsx
    ./lib/site-pages.tsx
    ./app/[...slug]/page.tsx

https://nextjs.org/docs/messages/module-not-found


./legacy/site-pages/cbam.tsx:20:1
Module not found: Can't resolve '../../static/svg/FileCheck.svg'
  [90m18 |[0m [36mimport[0m [33mSproutIcon[0m [36mfrom[0m [32m"../../static/svg/Sprout.svg"[0m; 
  [90m19 |[0m [36mimport[0m [33mHandshakeIcon[0m [36mfrom[0m [32m"../../static/svg/Handshake.svg"[0m; 
[31m[1m>[0m [90m20 |[0m [36mimport[0m [33mFileCheckIcon[0m [36mfrom[0m [32m"../../static/svg/FileCheck.svg"[0m; 
  [90m   |[0m [31m[1m^^^^^^^^^^^^^^^^^^^^^^^^^^^^^^^^^^^^^^^^^^^^^^^^^^^^^^^^^^^[0m
  [90m21 |[0m [36mimport[0m [33mLayerIcon[0m [36mfrom[0m [32m"../../static/svg/Layer.svg"[0m; 
  [90m22 |[0m [36mimport[0m [33mSearchIcon[0m [36mfrom[0m [32m"../../static/svg/Search.svg"[0m; 
  [90m23 |[0m [36mimport[0m { getPageData } [36mfrom[0m [32m'@/lib/page-data'[0m;



Import traces:
  #1 [Server Component]:
    ./legacy/site-pages/cbam.tsx
    ./legacy/components/blog-renderer.tsx
    ./app/blog/[[...slug]]/page.tsx

  #2 [Server Component]:
    ./legacy/site-pages/cbam.tsx
    ./lib/site-pages.tsx
    ./app/[...slug]/page.tsx

https://nextjs.org/docs/messages/module-not-found


./legacy/site-pages/index.tsx:17:1
Module not found: Can't resolve '../../static/svg/FileCheck.svg'
  [90m15 |[0m [36mimport[0m [33mBoard[0m [36mfrom[0m [32m"../../static/svg/Board.svg"[0m;
  [90m16 |[0m [36mimport[0m [33mClipboardCheckIcon[0m [36mfrom[0m [32m"../../static/svg/ClipboardCheck.svg"[0m; 
[31m[1m>[0m [90m17 |[0m [36mimport[0m [33mFileCheckIcon[0m [36mfrom[0m [32m"../../static/svg/FileCheck.svg"[0m; 
  [90m   |[0m [31m[1m^^^^^^^^^^^^^^^^^^^^^^^^^^^^^^^^^^^^^^^^^^^^^^^^^^^^^^^^^^^[0m
  [90m18 |[0m [36mimport[0m [33mListCheckIcon[0m [36mfrom[0m [32m"../../static/svg/ListCheck.svg"[0m; 
  [90m19 |[0m [36mimport[0m [33mLayerIcon[0m [36mfrom[0m [32m"../../static/svg/Layer.svg"[0m; 
  [90m20 |[0m [36mimport[0m [33mSearchIcon[0m [36mfrom[0m [32m"../../static/svg/Search.svg"[0m;



Import traces:
  #1 [Server Component]:
    ./legacy/site-pages/index.tsx
    ./legacy/components/blog-renderer.tsx
    ./app/blog/[[...slug]]/page.tsx

  #2 [Server Component]:
    ./legacy/site-pages/index.tsx
    ./lib/site-pages.tsx
    ./app/[...slug]/page.tsx

https://nextjs.org/docs/messages/module-not-found


./legacy/site-pages/pcf.tsx:20:1
Module not found: Can't resolve '../../static/svg/FileCheck.svg'
  [90m18 |[0m [36mimport[0m [33mSproutIcon[0m [36mfrom[0m [32m"../../static/svg/Sprout.svg"[0m; 
  [90m19 |[0m [36mimport[0m [33mHandshakeIcon[0m [36mfrom[0m [32m"../../static/svg/Handshake.svg"[0m; 
[31m[1m>[0m [90m20 |[0m [36mimport[0m [33mFileCheckIcon[0m [36mfrom[0m [32m"../../static/svg/FileCheck.svg"[0m; 
  [90m   |[0m [31m[1m^^^^^^^^^^^^^^^^^^^^^^^^^^^^^^^^^^^^^^^^^^^^^^^^^^^^^^^^^^^[0m
  [90m21 |[0m [36mimport[0m [33mLayerIcon[0m [36mfrom[0m [32m"../../static/svg/Layer.svg"[0m; 
  [90m22 |[0m [36mimport[0m [33mSearchIcon[0m [36mfrom[0m [32m"../../static/svg/Search.svg"[0m; 
  [90m23 |[0m [36mimport[0m { getPageData } [36mfrom[0m [32m'@/lib/page-data'[0m;



Import traces:
  #1 [Server Component]:
    ./legacy/site-pages/pcf.tsx
    ./legacy/components/blog-renderer.tsx
    ./app/blog/[[...slug]]/page.tsx

  #2 [Server Component]:
    ./legacy/site-pages/pcf.tsx
    ./lib/site-pages.tsx
    ./app/[...slug]/page.tsx

https://nextjs.org/docs/messages/module-not-found


./legacy/site-pages/cbam.tsx:17:1
Module not found: Can't resolve '../../static/svg/Flag.svg'
  [90m15 |[0m [36mimport[0m [33mListCheckIcon[0m [36mfrom[0m [32m"../../static/svg/ListCheck.svg"[0m; 
  [90m16 |[0m [36mimport[0m [33mGlobeIcon[0m [36mfrom[0m [32m"../../static/svg/Globe.svg"[0m; 
[31m[1m>[0m [90m17 |[0m [36mimport[0m [33mFlagIcon[0m [36mfrom[0m [32m"../../static/svg/Flag.svg"[0m; 
  [90m   |[0m [31m[1m^^^^^^^^^^^^^^^^^^^^^^^^^^^^^^^^^^^^^^^^^^^^^^^^^[0m
  [90m18 |[0m [36mimport[0m [33mSproutIcon[0m [36mfrom[0m [32m"../../static/svg/Sprout.svg"[0m; 
  [90m19 |[0m [36mimport[0m [33mHandshakeIcon[0m [36mfrom[0m [32m"../../static/svg/Handshake.svg"[0m; 
  [90m20 |[0m [36mimport[0m [33mFileCheckIcon[0m [36mfrom[0m [32m"../../static/svg/FileCheck.svg"[0m;



Import traces:
  #1 [Server Component]:
    ./legacy/site-pages/cbam.tsx
    ./legacy/components/blog-renderer.tsx
    ./app/blog/[[...slug]]/page.tsx

  #2 [Server Component]:
    ./legacy/site-pages/cbam.tsx
    ./lib/site-pages.tsx
    ./app/[...slug]/page.tsx

https://nextjs.org/docs/messages/module-not-found


./legacy/site-pages/index.tsx:22:1
Module not found: Can't resolve '../../static/svg/Flag.svg'
  [90m20 |[0m [36mimport[0m [33mSearchIcon[0m [36mfrom[0m [32m"../../static/svg/Search.svg"[0m; 
  [90m21 |[0m [36mimport[0m [33mGlobeIcon[0m [36mfrom[0m [32m"../../static/svg/Globe.svg"[0m; 
[31m[1m>[0m [90m22 |[0m [36mimport[0m [33mFlagIcon[0m [36mfrom[0m [32m"../../static/svg/Flag.svg"[0m; 
  [90m   |[0m [31m[1m^^^^^^^^^^^^^^^^^^^^^^^^^^^^^^^^^^^^^^^^^^^^^^^^^[0m
  [90m23 |[0m [36mimport[0m [33mSproutIcon[0m [36mfrom[0m [32m"../../static/svg/Sprout.svg"[0m; 
  [90m24 |[0m [36mimport[0m [33mHandshakeIcon[0m [36mfrom[0m [32m"../../static/svg/Handshake.svg"[0m; 
  [90m25 |[0m [36mimport[0m { getPageData } [36mfrom[0m [32m'@/lib/page-data'[0m;



Import traces:
  #1 [Server Component]:
    ./legacy/site-pages/index.tsx
    ./legacy/components/blog-renderer.tsx
    ./app/blog/[[...slug]]/page.tsx

  #2 [Server Component]:
    ./legacy/site-pages/index.tsx
    ./lib/site-pages.tsx
    ./app/[...slug]/page.tsx

https://nextjs.org/docs/messages/module-not-found


./legacy/site-pages/pcf.tsx:17:1
Module not found: Can't resolve '../../static/svg/Flag.svg'
  [90m15 |[0m [36mimport[0m [33mListCheckIcon[0m [36mfrom[0m [32m"../../static/svg/ListCheck.svg"[0m; 
  [90m16 |[0m [36mimport[0m [33mGlobeIcon[0m [36mfrom[0m [32m"../../static/svg/Globe.svg"[0m; 
[31m[1m>[0m [90m17 |[0m [36mimport[0m [33mFlagIcon[0m [36mfrom[0m [32m"../../static/svg/Flag.svg"[0m; 
  [90m   |[0m [31m[1m^^^^^^^^^^^^^^^^^^^^^^^^^^^^^^^^^^^^^^^^^^^^^^^^^[0m
  [90m18 |[0m [36mimport[0m [33mSproutIcon[0m [36mfrom[0m [32m"../../static/svg/Sprout.svg"[0m; 
  [90m19 |[0m [36mimport[0m [33mHandshakeIcon[0m [36mfrom[0m [32m"../../static/svg/Handshake.svg"[0m; 
  [90m20 |[0m [36mimport[0m [33mFileCheckIcon[0m [36mfrom[0m [32m"../../static/svg/FileCheck.svg"[0m;



Import traces:
  #1 [Server Component]:
    ./legacy/site-pages/pcf.tsx
    ./legacy/components/blog-renderer.tsx
    ./app/blog/[[...slug]]/page.tsx

  #2 [Server Component]:
    ./legacy/site-pages/pcf.tsx
    ./lib/site-pages.tsx
    ./app/[...slug]/page.tsx

https://nextjs.org/docs/messages/module-not-found


./legacy/site-pages/platform.tsx:11:1
Module not found: Can't resolve '../../static/svg/Flag.svg'
  [90m 9 |[0m [36mimport[0m { motion } [36mfrom[0m [32m"framer-motion"[0m;
  [90m10 |[0m [36mimport[0m [33mGlobeIcon[0m [36mfrom[0m [32m"../../static/svg/Globe.svg"[0m; 
[31m[1m>[0m [90m11 |[0m [36mimport[0m [33mFlagIcon[0m [36mfrom[0m [32m"../../static/svg/Flag.svg"[0m; 
  [90m   |[0m [31m[1m^^^^^^^^^^^^^^^^^^^^^^^^^^^^^^^^^^^^^^^^^^^^^^^^^[0m
  [90m12 |[0m [36mimport[0m [33mSproutIcon[0m [36mfrom[0m [32m"../../static/svg/Sprout.svg"[0m; 
  [90m13 |[0m [36mimport[0m [33mHandshakeIcon[0m [36mfrom[0m [32m"../../static/svg/Handshake.svg"[0m; 
  [90m14 |[0m [36mimport[0m { [33mDisplayItem[0m } [36mfrom[0m [32m'../libs/types'[0m;



Import traces:
  #1 [Server Component]:
    ./legacy/site-pages/platform.tsx
    ./legacy/components/blog-renderer.tsx
    ./app/blog/[[...slug]]/page.tsx

  #2 [Server Component]:
    ./legacy/site-pages/platform.tsx
    ./lib/site-pages.tsx
    ./app/[...slug]/page.tsx

https://nextjs.org/docs/messages/module-not-found


./legacy/site-pages/solution.tsx:25:1
Module not found: Can't resolve '../../static/svg/Flag.svg'
  [90m23 |[0m [36mimport[0m { motion } [36mfrom[0m [32m"framer-motion"[0m;
  [90m24 |[0m [36mimport[0m [33mGlobeIcon[0m [36mfrom[0m [32m"../../static/svg/Globe.svg"[0m; 
[31m[1m>[0m [90m25 |[0m [36mimport[0m [33mFlagIcon[0m [36mfrom[0m [32m"../../static/svg/Flag.svg"[0m; 
  [90m   |[0m [31m[1m^^^^^^^^^^^^^^^^^^^^^^^^^^^^^^^^^^^^^^^^^^^^^^^^^[0m
  [90m26 |[0m [36mimport[0m [33mSproutIcon[0m [36mfrom[0m [32m"../../static/svg/Sprout.svg"[0m; 
  [90m27 |[0m [36mimport[0m [33mHandshakeIcon[0m [36mfrom[0m [32m"../../static/svg/Handshake.svg"[0m; 
  [90m28 |[0m [36mimport[0m { getPageData } [36mfrom[0m [32m'@/lib/page-data'[0m;



Import traces:
  #1 [Server Component]:
    ./legacy/site-pages/solution.tsx
    ./legacy/components/blog-renderer.tsx
    ./app/blog/[[...slug]]/page.tsx

  #2 [Server Component]:
    ./legacy/site-pages/solution.tsx
    ./lib/site-pages.tsx
    ./app/[...slug]/page.tsx

https://nextjs.org/docs/messages/module-not-found


./legacy/site-pages/cbam.tsx:16:1
Module not found: Can't resolve '../../static/svg/Globe.svg'
  [90m14 |[0m [36mimport[0m [33mClipboardCheckIcon[0m [36mfrom[0m [32m"../../static/svg/ClipboardCheck.svg"[0m; 
  [90m15 |[0m [36mimport[0m [33mListCheckIcon[0m [36mfrom[0m [32m"../../static/svg/ListCheck.svg"[0m; 
[31m[1m>[0m [90m16 |[0m [36mimport[0m [33mGlobeIcon[0m [36mfrom[0m [32m"../../static/svg/Globe.svg"[0m; 
  [90m   |[0m [31m[1m^^^^^^^^^^^^^^^^^^^^^^^^^^^^^^^^^^^^^^^^^^^^^^^^^^^[0m
  [90m17 |[0m [36mimport[0m [33mFlagIcon[0m [36mfrom[0m [32m"../../static/svg/Flag.svg"[0m; 
  [90m18 |[0m [36mimport[0m [33mSproutIcon[0m [36mfrom[0m [32m"../../static/svg/Sprout.svg"[0m; 
  [90m19 |[0m [36mimport[0m [33mHandshakeIcon[0m [36mfrom[0m [32m"../../static/svg/Handshake.svg"[0m;



Import traces:
  #1 [Server Component]:
    ./legacy/site-pages/cbam.tsx
    ./legacy/components/blog-renderer.tsx
    ./app/blog/[[...slug]]/page.tsx

  #2 [Server Component]:
    ./legacy/site-pages/cbam.tsx
    ./lib/site-pages.tsx
    ./app/[...slug]/page.tsx

https://nextjs.org/docs/messages/module-not-found


./legacy/site-pages/index.tsx:21:1
Module not found: Can't resolve '../../static/svg/Globe.svg'
  [90m19 |[0m [36mimport[0m [33mLayerIcon[0m [36mfrom[0m [32m"../../static/svg/Layer.svg"[0m; 
  [90m20 |[0m [36mimport[0m [33mSearchIcon[0m [36mfrom[0m [32m"../../static/svg/Search.svg"[0m; 
[31m[1m>[0m [90m21 |[0m [36mimport[0m [33mGlobeIcon[0m [36mfrom[0m [32m"../../static/svg/Globe.svg"[0m; 
  [90m   |[0m [31m[1m^^^^^^^^^^^^^^^^^^^^^^^^^^^^^^^^^^^^^^^^^^^^^^^^^^^[0m
  [90m22 |[0m [36mimport[0m [33mFlagIcon[0m [36mfrom[0m [32m"../../static/svg/Flag.svg"[0m; 
  [90m23 |[0m [36mimport[0m [33mSproutIcon[0m [36mfrom[0m [32m"../../static/svg/Sprout.svg"[0m; 
  [90m24 |[0m [36mimport[0m [33mHandshakeIcon[0m [36mfrom[0m [32m"../../static/svg/Handshake.svg"[0m;



Import traces:
  #1 [Server Component]:
    ./legacy/site-pages/index.tsx
    ./legacy/components/blog-renderer.tsx
    ./app/blog/[[...slug]]/page.tsx

  #2 [Server Component]:
    ./legacy/site-pages/index.tsx
    ./lib/site-pages.tsx
    ./app/[...slug]/page.tsx

https://nextjs.org/docs/messages/module-not-found


./legacy/site-pages/pcf.tsx:16:1
Module not found: Can't resolve '../../static/svg/Globe.svg'
  [90m14 |[0m [36mimport[0m [33mClipboardCheckIcon[0m [36mfrom[0m [32m"../../static/svg/ClipboardCheck.svg"[0m; 
  [90m15 |[0m [36mimport[0m [33mListCheckIcon[0m [36mfrom[0m [32m"../../static/svg/ListCheck.svg"[0m; 
[31m[1m>[0m [90m16 |[0m [36mimport[0m [33mGlobeIcon[0m [36mfrom[0m [32m"../../static/svg/Globe.svg"[0m; 
  [90m   |[0m [31m[1m^^^^^^^^^^^^^^^^^^^^^^^^^^^^^^^^^^^^^^^^^^^^^^^^^^^[0m
  [90m17 |[0m [36mimport[0m [33mFlagIcon[0m [36mfrom[0m [32m"../../static/svg/Flag.svg"[0m; 
  [90m18 |[0m [36mimport[0m [33mSproutIcon[0m [36mfrom[0m [32m"../../static/svg/Sprout.svg"[0m; 
  [90m19 |[0m [36mimport[0m [33mHandshakeIcon[0m [36mfrom[0m [32m"../../static/svg/Handshake.svg"[0m;



Import traces:
  #1 [Server Component]:
    ./legacy/site-pages/pcf.tsx
    ./legacy/components/blog-renderer.tsx
    ./app/blog/[[...slug]]/page.tsx

  #2 [Server Component]:
    ./legacy/site-pages/pcf.tsx
    ./lib/site-pages.tsx
    ./app/[...slug]/page.tsx

https://nextjs.org/docs/messages/module-not-found


./legacy/site-pages/platform.tsx:10:1
Module not found: Can't resolve '../../static/svg/Globe.svg'
  [90m 8 |[0m [36mimport[0m useDocusaurusContext [36mfrom[0m [32m'@docusaurus/useDocusaurusContext'[0m;
  [90m 9 |[0m [36mimport[0m { motion } [36mfrom[0m [32m"framer-motion"[0m;
[31m[1m>[0m [90m10 |[0m [36mimport[0m [33mGlobeIcon[0m [36mfrom[0m [32m"../../static/svg/Globe.svg"[0m; 
  [90m   |[0m [31m[1m^^^^^^^^^^^^^^^^^^^^^^^^^^^^^^^^^^^^^^^^^^^^^^^^^^^[0m
  [90m11 |[0m [36mimport[0m [33mFlagIcon[0m [36mfrom[0m [32m"../../static/svg/Flag.svg"[0m; 
  [90m12 |[0m [36mimport[0m [33mSproutIcon[0m [36mfrom[0m [32m"../../static/svg/Sprout.svg"[0m; 
  [90m13 |[0m [36mimport[0m [33mHandshakeIcon[0m [36mfrom[0m [32m"../../static/svg/Handshake.svg"[0m;



Import traces:
  #1 [Server Component]:
    ./legacy/site-pages/platform.tsx
    ./legacy/components/blog-renderer.tsx
    ./app/blog/[[...slug]]/page.tsx

  #2 [Server Component]:
    ./legacy/site-pages/platform.tsx
    ./lib/site-pages.tsx
    ./app/[...slug]/page.tsx

https://nextjs.org/docs/messages/module-not-found


./legacy/site-pages/solution.tsx:24:1
Module not found: Can't resolve '../../static/svg/Globe.svg'
  [90m22 |[0m [36mimport[0m useDocusaurusContext [36mfrom[0m [32m'@docusaurus/useDocusaurusContext'[0m;
  [90m23 |[0m [36mimport[0m { motion } [36mfrom[0m [32m"framer-motion"[0m;
[31m[1m>[0m [90m24 |[0m [36mimport[0m [33mGlobeIcon[0m [36mfrom[0m [32m"../../static/svg/Globe.svg"[0m; 
  [90m   |[0m [31m[1m^^^^^^^^^^^^^^^^^^^^^^^^^^^^^^^^^^^^^^^^^^^^^^^^^^^[0m
  [90m25 |[0m [36mimport[0m [33mFlagIcon[0m [36mfrom[0m [32m"../../static/svg/Flag.svg"[0m; 
  [90m26 |[0m [36mimport[0m [33mSproutIcon[0m [36mfrom[0m [32m"../../static/svg/Sprout.svg"[0m; 
  [90m27 |[0m [36mimport[0m [33mHandshakeIcon[0m [36mfrom[0m [32m"../../static/svg/Handshake.svg"[0m;



Import traces:
  #1 [Server Component]:
    ./legacy/site-pages/solution.tsx
    ./legacy/components/blog-renderer.tsx
    ./app/blog/[[...slug]]/page.tsx

  #2 [Server Component]:
    ./legacy/site-pages/solution.tsx
    ./lib/site-pages.tsx
    ./app/[...slug]/page.tsx

https://nextjs.org/docs/messages/module-not-found


./legacy/site-pages/cbam.tsx:19:1
Module not found: Can't resolve '../../static/svg/Handshake.svg'
  [90m17 |[0m [36mimport[0m [33mFlagIcon[0m [36mfrom[0m [32m"../../static/svg/Flag.svg"[0m; 
  [90m18 |[0m [36mimport[0m [33mSproutIcon[0m [36mfrom[0m [32m"../../static/svg/Sprout.svg"[0m; 
[31m[1m>[0m [90m19 |[0m [36mimport[0m [33mHandshakeIcon[0m [36mfrom[0m [32m"../../static/svg/Handshake.svg"[0m; 
  [90m   |[0m [31m[1m^^^^^^^^^^^^^^^^^^^^^^^^^^^^^^^^^^^^^^^^^^^^^^^^^^^^^^^^^^^[0m
  [90m20 |[0m [36mimport[0m [33mFileCheckIcon[0m [36mfrom[0m [32m"../../static/svg/FileCheck.svg"[0m; 
  [90m21 |[0m [36mimport[0m [33mLayerIcon[0m [36mfrom[0m [32m"../../static/svg/Layer.svg"[0m; 
  [90m22 |[0m [36mimport[0m [33mSearchIcon[0m [36mfrom[0m [32m"../../static/svg/Search.svg"[0m;



Import traces:
  #1 [Server Component]:
    ./legacy/site-pages/cbam.tsx
    ./legacy/components/blog-renderer.tsx
    ./app/blog/[[...slug]]/page.tsx

  #2 [Server Component]:
    ./legacy/site-pages/cbam.tsx
    ./lib/site-pages.tsx
    ./app/[...slug]/page.tsx

https://nextjs.org/docs/messages/module-not-found


./legacy/site-pages/index.tsx:24:1
Module not found: Can't resolve '../../static/svg/Handshake.svg'
  [90m22 |[0m [36mimport[0m [33mFlagIcon[0m [36mfrom[0m [32m"../../static/svg/Flag.svg"[0m; 
  [90m23 |[0m [36mimport[0m [33mSproutIcon[0m [36mfrom[0m [32m"../../static/svg/Sprout.svg"[0m; 
[31m[1m>[0m [90m24 |[0m [36mimport[0m [33mHandshakeIcon[0m [36mfrom[0m [32m"../../static/svg/Handshake.svg"[0m; 
  [90m   |[0m [31m[1m^^^^^^^^^^^^^^^^^^^^^^^^^^^^^^^^^^^^^^^^^^^^^^^^^^^^^^^^^^^[0m
  [90m25 |[0m [36mimport[0m { getPageData } [36mfrom[0m [32m'@/lib/page-data'[0m;
  [90m26 |[0m [36mimport[0m { useTranslate } [36mfrom[0m [32m'@/lib/use-translate'[0m;
  [90m27 |[0m



Import traces:
  #1 [Server Component]:
    ./legacy/site-pages/index.tsx
    ./legacy/components/blog-renderer.tsx
    ./app/blog/[[...slug]]/page.tsx

  #2 [Server Component]:
    ./legacy/site-pages/index.tsx
    ./lib/site-pages.tsx
    ./app/[...slug]/page.tsx

https://nextjs.org/docs/messages/module-not-found


./legacy/site-pages/pcf.tsx:19:1
Module not found: Can't resolve '../../static/svg/Handshake.svg'
  [90m17 |[0m [36mimport[0m [33mFlagIcon[0m [36mfrom[0m [32m"../../static/svg/Flag.svg"[0m; 
  [90m18 |[0m [36mimport[0m [33mSproutIcon[0m [36mfrom[0m [32m"../../static/svg/Sprout.svg"[0m; 
[31m[1m>[0m [90m19 |[0m [36mimport[0m [33mHandshakeIcon[0m [36mfrom[0m [32m"../../static/svg/Handshake.svg"[0m; 
  [90m   |[0m [31m[1m^^^^^^^^^^^^^^^^^^^^^^^^^^^^^^^^^^^^^^^^^^^^^^^^^^^^^^^^^^^[0m
  [90m20 |[0m [36mimport[0m [33mFileCheckIcon[0m [36mfrom[0m [32m"../../static/svg/FileCheck.svg"[0m; 
  [90m21 |[0m [36mimport[0m [33mLayerIcon[0m [36mfrom[0m [32m"../../static/svg/Layer.svg"[0m; 
  [90m22 |[0m [36mimport[0m [33mSearchIcon[0m [36mfrom[0m [32m"../../static/svg/Search.svg"[0m;



Import traces:
  #1 [Server Component]:
    ./legacy/site-pages/pcf.tsx
    ./legacy/components/blog-renderer.tsx
    ./app/blog/[[...slug]]/page.tsx

  #2 [Server Component]:
    ./legacy/site-pages/pcf.tsx
    ./lib/site-pages.tsx
    ./app/[...slug]/page.tsx

https://nextjs.org/docs/messages/module-not-found


./legacy/site-pages/platform.tsx:13:1
Module not found: Can't resolve '../../static/svg/Handshake.svg'
  [90m11 |[0m [36mimport[0m [33mFlagIcon[0m [36mfrom[0m [32m"../../static/svg/Flag.svg"[0m; 
  [90m12 |[0m [36mimport[0m [33mSproutIcon[0m [36mfrom[0m [32m"../../static/svg/Sprout.svg"[0m; 
[31m[1m>[0m [90m13 |[0m [36mimport[0m [33mHandshakeIcon[0m [36mfrom[0m [32m"../../static/svg/Handshake.svg"[0m; 
  [90m   |[0m [31m[1m^^^^^^^^^^^^^^^^^^^^^^^^^^^^^^^^^^^^^^^^^^^^^^^^^^^^^^^^^^^[0m
  [90m14 |[0m [36mimport[0m { [33mDisplayItem[0m } [36mfrom[0m [32m'../libs/types'[0m;
  [90m15 |[0m [36mimport[0m { getPageData } [36mfrom[0m [32m'@/lib/page-data'[0m;
  [90m16 |[0m [36mimport[0m { useTranslate } [36mfrom[0m [32m'@/lib/use-translate'[0m;



Import traces:
  #1 [Server Component]:
    ./legacy/site-pages/platform.tsx
    ./legacy/components/blog-renderer.tsx
    ./app/blog/[[...slug]]/page.tsx

  #2 [Server Component]:
    ./legacy/site-pages/platform.tsx
    ./lib/site-pages.tsx
    ./app/[...slug]/page.tsx

https://nextjs.org/docs/messages/module-not-found


./legacy/site-pages/solution.tsx:27:1
Module not found: Can't resolve '../../static/svg/Handshake.svg'
  [90m25 |[0m [36mimport[0m [33mFlagIcon[0m [36mfrom[0m [32m"../../static/svg/Flag.svg"[0m; 
  [90m26 |[0m [36mimport[0m [33mSproutIcon[0m [36mfrom[0m [32m"../../static/svg/Sprout.svg"[0m; 
[31m[1m>[0m [90m27 |[0m [36mimport[0m [33mHandshakeIcon[0m [36mfrom[0m [32m"../../static/svg/Handshake.svg"[0m; 
  [90m   |[0m [31m[1m^^^^^^^^^^^^^^^^^^^^^^^^^^^^^^^^^^^^^^^^^^^^^^^^^^^^^^^^^^^[0m
  [90m28 |[0m [36mimport[0m { getPageData } [36mfrom[0m [32m'@/lib/page-data'[0m;
  [90m29 |[0m [36mimport[0m { useTranslate } [36mfrom[0m [32m'@/lib/use-translate'[0m;
  [90m30 |[0m



Import traces:
  #1 [Server Component]:
    ./legacy/site-pages/solution.tsx
    ./legacy/components/blog-renderer.tsx
    ./app/blog/[[...slug]]/page.tsx

  #2 [Server Component]:
    ./legacy/site-pages/solution.tsx
    ./lib/site-pages.tsx
    ./app/[...slug]/page.tsx

https://nextjs.org/docs/messages/module-not-found


./legacy/site-pages/cbam.tsx:21:1
Module not found: Can't resolve '../../static/svg/Layer.svg'
  [90m19 |[0m [36mimport[0m [33mHandshakeIcon[0m [36mfrom[0m [32m"../../static/svg/Handshake.svg"[0m; 
  [90m20 |[0m [36mimport[0m [33mFileCheckIcon[0m [36mfrom[0m [32m"../../static/svg/FileCheck.svg"[0m; 
[31m[1m>[0m [90m21 |[0m [36mimport[0m [33mLayerIcon[0m [36mfrom[0m [32m"../../static/svg/Layer.svg"[0m; 
  [90m   |[0m [31m[1m^^^^^^^^^^^^^^^^^^^^^^^^^^^^^^^^^^^^^^^^^^^^^^^^^^^[0m
  [90m22 |[0m [36mimport[0m [33mSearchIcon[0m [36mfrom[0m [32m"../../static/svg/Search.svg"[0m; 
  [90m23 |[0m [36mimport[0m { getPageData } [36mfrom[0m [32m'@/lib/page-data'[0m;
  [90m24 |[0m [36mimport[0m { useTranslate } [36mfrom[0m [32m'@/lib/use-translate'[0m;



Import traces:
  #1 [Server Component]:
    ./legacy/site-pages/cbam.tsx
    ./legacy/components/blog-renderer.tsx
    ./app/blog/[[...slug]]/page.tsx

  #2 [Server Component]:
    ./legacy/site-pages/cbam.tsx
    ./lib/site-pages.tsx
    ./app/[...slug]/page.tsx

https://nextjs.org/docs/messages/module-not-found


./legacy/site-pages/index.tsx:19:1
Module not found: Can't resolve '../../static/svg/Layer.svg'
  [90m17 |[0m [36mimport[0m [33mFileCheckIcon[0m [36mfrom[0m [32m"../../static/svg/FileCheck.svg"[0m; 
  [90m18 |[0m [36mimport[0m [33mListCheckIcon[0m [36mfrom[0m [32m"../../static/svg/ListCheck.svg"[0m; 
[31m[1m>[0m [90m19 |[0m [36mimport[0m [33mLayerIcon[0m [36mfrom[0m [32m"../../static/svg/Layer.svg"[0m; 
  [90m   |[0m [31m[1m^^^^^^^^^^^^^^^^^^^^^^^^^^^^^^^^^^^^^^^^^^^^^^^^^^^[0m
  [90m20 |[0m [36mimport[0m [33mSearchIcon[0m [36mfrom[0m [32m"../../static/svg/Search.svg"[0m; 
  [90m21 |[0m [36mimport[0m [33mGlobeIcon[0m [36mfrom[0m [32m"../../static/svg/Globe.svg"[0m; 
  [90m22 |[0m [36mimport[0m [33mFlagIcon[0m [36mfrom[0m [32m"../../static/svg/Flag.svg"[0m;



Import traces:
  #1 [Server Component]:
    ./legacy/site-pages/index.tsx
    ./legacy/components/blog-renderer.tsx
    ./app/blog/[[...slug]]/page.tsx

  #2 [Server Component]:
    ./legacy/site-pages/index.tsx
    ./lib/site-pages.tsx
    ./app/[...slug]/page.tsx

https://nextjs.org/docs/messages/module-not-found


./legacy/site-pages/pcf.tsx:21:1
Module not found: Can't resolve '../../static/svg/Layer.svg'
  [90m19 |[0m [36mimport[0m [33mHandshakeIcon[0m [36mfrom[0m [32m"../../static/svg/Handshake.svg"[0m; 
  [90m20 |[0m [36mimport[0m [33mFileCheckIcon[0m [36mfrom[0m [32m"../../static/svg/FileCheck.svg"[0m; 
[31m[1m>[0m [90m21 |[0m [36mimport[0m [33mLayerIcon[0m [36mfrom[0m [32m"../../static/svg/Layer.svg"[0m; 
  [90m   |[0m [31m[1m^^^^^^^^^^^^^^^^^^^^^^^^^^^^^^^^^^^^^^^^^^^^^^^^^^^[0m
  [90m22 |[0m [36mimport[0m [33mSearchIcon[0m [36mfrom[0m [32m"../../static/svg/Search.svg"[0m; 
  [90m23 |[0m [36mimport[0m { getPageData } [36mfrom[0m [32m'@/lib/page-data'[0m;
  [90m24 |[0m [36mimport[0m { useTranslate } [36mfrom[0m [32m'@/lib/use-translate'[0m;



Import traces:
  #1 [Server Component]:
    ./legacy/site-pages/pcf.tsx
    ./legacy/components/blog-renderer.tsx
    ./app/blog/[[...slug]]/page.tsx

  #2 [Server Component]:
    ./legacy/site-pages/pcf.tsx
    ./lib/site-pages.tsx
    ./app/[...slug]/page.tsx

https://nextjs.org/docs/messages/module-not-found


./legacy/site-pages/company.tsx:10:1
Module not found: Can't resolve '../../static/svg/LinkedIn.svg'
  [90m 8 |[0m [36mimport[0m useDocusaurusContext [36mfrom[0m [32m"@docusaurus/useDocusaurusContext"[0m;
  [90m 9 |[0m [36mimport[0m { motion } [36mfrom[0m [32m"framer-motion"[0m;
[31m[1m>[0m [90m10 |[0m [36mimport[0m [33mLinkedInIcon[0m [36mfrom[0m [32m"../../static/svg/LinkedIn.svg"[0m;
  [90m   |[0m [31m[1m^^^^^^^^^^^^^^^^^^^^^^^^^^^^^^^^^^^^^^^^^^^^^^^^^^^^^^^^^[0m
  [90m11 |[0m [36mimport[0m [33mWebIcon[0m [36mfrom[0m [32m"../../static/svg/Web.svg"[0m;
  [90m12 |[0m [36mimport[0m [33mLink[0m [36mfrom[0m [32m"@docusaurus/Link"[0m;
  [90m13 |[0m [36mimport[0m { getPageData } [36mfrom[0m [32m'@/lib/page-data'[0m;



Import traces:
  #1 [Server Component]:
    ./legacy/site-pages/company.tsx
    ./legacy/components/blog-renderer.tsx
    ./app/blog/[[...slug]]/page.tsx

  #2 [Server Component]:
    ./legacy/site-pages/company.tsx
    ./lib/site-pages.tsx
    ./app/[...slug]/page.tsx

https://nextjs.org/docs/messages/module-not-found


./legacy/site-pages/cbam.tsx:15:1
Module not found: Can't resolve '../../static/svg/ListCheck.svg'
  [90m13 |[0m [36mimport[0m [33mArrowIcon[0m [36mfrom[0m [32m"../../static/svg/Arrow.svg"[0m;
  [90m14 |[0m [36mimport[0m [33mClipboardCheckIcon[0m [36mfrom[0m [32m"../../static/svg/ClipboardCheck.svg"[0m; 
[31m[1m>[0m [90m15 |[0m [36mimport[0m [33mListCheckIcon[0m [36mfrom[0m [32m"../../static/svg/ListCheck.svg"[0m; 
  [90m   |[0m [31m[1m^^^^^^^^^^^^^^^^^^^^^^^^^^^^^^^^^^^^^^^^^^^^^^^^^^^^^^^^^^^[0m
  [90m16 |[0m [36mimport[0m [33mGlobeIcon[0m [36mfrom[0m [32m"../../static/svg/Globe.svg"[0m; 
  [90m17 |[0m [36mimport[0m [33mFlagIcon[0m [36mfrom[0m [32m"../../static/svg/Flag.svg"[0m; 
  [90m18 |[0m [36mimport[0m [33mSproutIcon[0m [36mfrom[0m [32m"../../static/svg/Sprout.svg"[0m;



Import traces:
  #1 [Server Component]:
    ./legacy/site-pages/cbam.tsx
    ./legacy/components/blog-renderer.tsx
    ./app/blog/[[...slug]]/page.tsx

  #2 [Server Component]:
    ./legacy/site-pages/cbam.tsx
    ./lib/site-pages.tsx
    ./app/[...slug]/page.tsx

https://nextjs.org/docs/messages/module-not-found


./legacy/site-pages/index.tsx:18:1
Module not found: Can't resolve '../../static/svg/ListCheck.svg'
  [90m16 |[0m [36mimport[0m [33mClipboardCheckIcon[0m [36mfrom[0m [32m"../../static/svg/ClipboardCheck.svg"[0m; 
  [90m17 |[0m [36mimport[0m [33mFileCheckIcon[0m [36mfrom[0m [32m"../../static/svg/FileCheck.svg"[0m; 
[31m[1m>[0m [90m18 |[0m [36mimport[0m [33mListCheckIcon[0m [36mfrom[0m [32m"../../static/svg/ListCheck.svg"[0m; 
  [90m   |[0m [31m[1m^^^^^^^^^^^^^^^^^^^^^^^^^^^^^^^^^^^^^^^^^^^^^^^^^^^^^^^^^^^[0m
  [90m19 |[0m [36mimport[0m [33mLayerIcon[0m [36mfrom[0m [32m"../../static/svg/Layer.svg"[0m; 
  [90m20 |[0m [36mimport[0m [33mSearchIcon[0m [36mfrom[0m [32m"../../static/svg/Search.svg"[0m; 
  [90m21 |[0m [36mimport[0m [33mGlobeIcon[0m [36mfrom[0m [32m"../../static/svg/Globe.svg"[0m;



Import traces:
  #1 [Server Component]:
    ./legacy/site-pages/index.tsx
    ./legacy/components/blog-renderer.tsx
    ./app/blog/[[...slug]]/page.tsx

  #2 [Server Component]:
    ./legacy/site-pages/index.tsx
    ./lib/site-pages.tsx
    ./app/[...slug]/page.tsx

https://nextjs.org/docs/messages/module-not-found


./legacy/site-pages/pcf.tsx:15:1
Module not found: Can't resolve '../../static/svg/ListCheck.svg'
  [90m13 |[0m [36mimport[0m [33mArrowIcon[0m [36mfrom[0m [32m"../../static/svg/Arrow.svg"[0m;
  [90m14 |[0m [36mimport[0m [33mClipboardCheckIcon[0m [36mfrom[0m [32m"../../static/svg/ClipboardCheck.svg"[0m; 
[31m[1m>[0m [90m15 |[0m [36mimport[0m [33mListCheckIcon[0m [36mfrom[0m [32m"../../static/svg/ListCheck.svg"[0m; 
  [90m   |[0m [31m[1m^^^^^^^^^^^^^^^^^^^^^^^^^^^^^^^^^^^^^^^^^^^^^^^^^^^^^^^^^^^[0m
  [90m16 |[0m [36mimport[0m [33mGlobeIcon[0m [36mfrom[0m [32m"../../static/svg/Globe.svg"[0m; 
  [90m17 |[0m [36mimport[0m [33mFlagIcon[0m [36mfrom[0m [32m"../../static/svg/Flag.svg"[0m; 
  [90m18 |[0m [36mimport[0m [33mSproutIcon[0m [36mfrom[0m [32m"../../static/svg/Sprout.svg"[0m;



Import traces:
  #1 [Server Component]:
    ./legacy/site-pages/pcf.tsx
    ./legacy/components/blog-renderer.tsx
    ./app/blog/[[...slug]]/page.tsx

  #2 [Server Component]:
    ./legacy/site-pages/pcf.tsx
    ./lib/site-pages.tsx
    ./app/[...slug]/page.tsx

https://nextjs.org/docs/messages/module-not-found


./legacy/site-pages/scope3.tsx:15:1
Module not found: Can't resolve '../../static/svg/ListCheck.svg'
  [90m13 |[0m [36mimport[0m [33mArrowIcon[0m [36mfrom[0m [32m"../../static/svg/Arrow.svg"[0m;
  [90m14 |[0m [36mimport[0m [33mClipboardCheckIcon[0m [36mfrom[0m [32m"../../static/svg/ClipboardCheck.svg"[0m; 
[31m[1m>[0m [90m15 |[0m [36mimport[0m [33mListCheckIcon[0m [36mfrom[0m [32m"../../static/svg/ListCheck.svg"[0m; 
  [90m   |[0m [31m[1m^^^^^^^^^^^^^^^^^^^^^^^^^^^^^^^^^^^^^^^^^^^^^^^^^^^^^^^^^^^[0m
  [90m16 |[0m [36mimport[0m { getPageData } [36mfrom[0m [32m'@/lib/page-data'[0m;
  [90m17 |[0m [36mimport[0m { useTranslate } [36mfrom[0m [32m'@/lib/use-translate'[0m;
  [90m18 |[0m



Import traces:
  #1 [Server Component]:
    ./legacy/site-pages/scope3.tsx
    ./legacy/components/blog-renderer.tsx
    ./app/blog/[[...slug]]/page.tsx

  #2 [Server Component]:
    ./legacy/site-pages/scope3.tsx
    ./lib/site-pages.tsx
    ./app/[...slug]/page.tsx

https://nextjs.org/docs/messages/module-not-found


./legacy/data/company_en.data.tsx:4:1
Module not found: Can't resolve '../../static/svg/Reliable.svg'
  [90m2 |[0m [36mimport[0m [33mSynergyIcon[0m [36mfrom[0m [32m"../../static/svg/Synergy.svg"[0m;
  [90m3 |[0m [36mimport[0m [33mBoldIcon[0m [36mfrom[0m [32m"../../static/svg/Bold.svg"[0m;
[31m[1m>[0m [90m4 |[0m [36mimport[0m [33mReliableIcon[0m [36mfrom[0m [32m"../../static/svg/Reliable.svg"[0m;
  [90m  |[0m [31m[1m^^^^^^^^^^^^^^^^^^^^^^^^^^^^^^^^^^^^^^^^^^^^^^^^^^^^^^^^^[0m
  [90m5 |[0m
  [90m6 |[0m [36mexport[0m [36mconst[0m content = {
  [90m7 |[0m   meta_title: [32m"HanaLoop"[0m,



Import traces:
  Server Component:
    ./legacy/data/company_en.data.tsx
    ./legacy/components/blog-renderer.tsx
    ./app/blog/[[...slug]]/page.tsx

  Client Component Browser:
    ./legacy/data/company_en.data.tsx [Client Component Browser]
    ./lib/page-data.ts [Client Component Browser]
    ./legacy/site-pages/solution.tsx [Client Component Browser]
    ./legacy/site-pages/solution.tsx [Server Component]
    ./lib/site-pages.tsx [Server Component]
    ./app/[...slug]/page.tsx [Server Component]

  Client Component SSR:
    ./legacy/data/company_en.data.tsx [Client Component SSR]
    ./lib/page-data.ts [Client Component SSR]
    ./legacy/site-pages/solution.tsx [Client Component SSR]
    ./legacy/site-pages/solution.tsx [Server Component]
    ./lib/site-pages.tsx [Server Component]
    ./app/[...slug]/page.tsx [Server Component]

https://nextjs.org/docs/messages/module-not-found


./legacy/data/company_es.data.tsx:3:1
Module not found: Can't resolve '../../static/svg/Reliable.svg'
  [90m1 |[0m [36mimport[0m [33mSynergyIcon[0m [36mfrom[0m [32m"../../static/svg/Synergy.svg"[0m;
  [90m2 |[0m [36mimport[0m [33mBoldIcon[0m [36mfrom[0m [32m"../../static/svg/Bold.svg"[0m;
[31m[1m>[0m [90m3 |[0m [36mimport[0m [33mReliableIcon[0m [36mfrom[0m [32m"../../static/svg/Reliable.svg"[0m;
  [90m  |[0m [31m[1m^^^^^^^^^^^^^^^^^^^^^^^^^^^^^^^^^^^^^^^^^^^^^^^^^^^^^^^^^[0m
  [90m4 |[0m
  [90m5 |[0m [36mexport[0m [36mconst[0m content = {
  [90m6 |[0m   meta_title: [32m"HanaLoop"[0m,



Import traces:
  Server Component:
    ./legacy/data/company_es.data.tsx
    ./legacy/components/blog-renderer.tsx
    ./app/blog/[[...slug]]/page.tsx

  Client Component Browser:
    ./legacy/data/company_es.data.tsx [Client Component Browser]
    ./lib/page-data.ts [Client Component Browser]
    ./legacy/site-pages/solution.tsx [Client Component Browser]
    ./legacy/site-pages/solution.tsx [Server Component]
    ./lib/site-pages.tsx [Server Component]
    ./app/[...slug]/page.tsx [Server Component]

  Client Component SSR:
    ./legacy/data/company_es.data.tsx [Client Component SSR]
    ./lib/page-data.ts [Client Component SSR]
    ./legacy/site-pages/solution.tsx [Client Component SSR]
    ./legacy/site-pages/solution.tsx [Server Component]
    ./lib/site-pages.tsx [Server Component]
    ./app/[...slug]/page.tsx [Server Component]

https://nextjs.org/docs/messages/module-not-found


./legacy/data/company_ko.data.tsx:4:1
Module not found: Can't resolve '../../static/svg/Reliable.svg'
  [90m2 |[0m [36mimport[0m [33mSynergyIcon[0m [36mfrom[0m [32m"../../static/svg/Synergy.svg"[0m;
  [90m3 |[0m [36mimport[0m [33mBoldIcon[0m [36mfrom[0m [32m"../../static/svg/Bold.svg"[0m;
[31m[1m>[0m [90m4 |[0m [36mimport[0m [33mReliableIcon[0m [36mfrom[0m [32m"../../static/svg/Reliable.svg"[0m;
  [90m  |[0m [31m[1m^^^^^^^^^^^^^^^^^^^^^^^^^^^^^^^^^^^^^^^^^^^^^^^^^^^^^^^^^[0m
  [90m5 |[0m
  [90m6 |[0m [36mexport[0m [36mconst[0m content = {
  [90m7 |[0m   meta_title: [32m"?섎굹猷⑦봽"[0m,



Import traces:
  Server Component:
    ./legacy/data/company_ko.data.tsx
    ./legacy/components/blog-renderer.tsx
    ./app/blog/[[...slug]]/page.tsx

  Client Component Browser:
    ./legacy/data/company_ko.data.tsx [Client Component Browser]
    ./lib/page-data.ts [Client Component Browser]
    ./legacy/site-pages/solution.tsx [Client Component Browser]
    ./legacy/site-pages/solution.tsx [Server Component]
    ./lib/site-pages.tsx [Server Component]
    ./app/[...slug]/page.tsx [Server Component]

  Client Component SSR:
    ./legacy/data/company_ko.data.tsx [Client Component SSR]
    ./lib/page-data.ts [Client Component SSR]
    ./legacy/site-pages/solution.tsx [Client Component SSR]
    ./legacy/site-pages/solution.tsx [Server Component]
    ./lib/site-pages.tsx [Server Component]
    ./app/[...slug]/page.tsx [Server Component]

https://nextjs.org/docs/messages/module-not-found


./legacy/site-pages/cbam.tsx:22:1
Module not found: Can't resolve '../../static/svg/Search.svg'
  [90m20 |[0m [36mimport[0m [33mFileCheckIcon[0m [36mfrom[0m [32m"../../static/svg/FileCheck.svg"[0m; 
  [90m21 |[0m [36mimport[0m [33mLayerIcon[0m [36mfrom[0m [32m"../../static/svg/Layer.svg"[0m; 
[31m[1m>[0m [90m22 |[0m [36mimport[0m [33mSearchIcon[0m [36mfrom[0m [32m"../../static/svg/Search.svg"[0m; 
  [90m   |[0m [31m[1m^^^^^^^^^^^^^^^^^^^^^^^^^^^^^^^^^^^^^^^^^^^^^^^^^^^^^[0m
  [90m23 |[0m [36mimport[0m { getPageData } [36mfrom[0m [32m'@/lib/page-data'[0m;
  [90m24 |[0m [36mimport[0m { useTranslate } [36mfrom[0m [32m'@/lib/use-translate'[0m;
  [90m25 |[0m



Import traces:
  #1 [Server Component]:
    ./legacy/site-pages/cbam.tsx
    ./legacy/components/blog-renderer.tsx
    ./app/blog/[[...slug]]/page.tsx

  #2 [Server Component]:
    ./legacy/site-pages/cbam.tsx
    ./lib/site-pages.tsx
    ./app/[...slug]/page.tsx

https://nextjs.org/docs/messages/module-not-found


./legacy/site-pages/index.tsx:20:1
Module not found: Can't resolve '../../static/svg/Search.svg'
  [90m18 |[0m [36mimport[0m [33mListCheckIcon[0m [36mfrom[0m [32m"../../static/svg/ListCheck.svg"[0m; 
  [90m19 |[0m [36mimport[0m [33mLayerIcon[0m [36mfrom[0m [32m"../../static/svg/Layer.svg"[0m; 
[31m[1m>[0m [90m20 |[0m [36mimport[0m [33mSearchIcon[0m [36mfrom[0m [32m"../../static/svg/Search.svg"[0m; 
  [90m   |[0m [31m[1m^^^^^^^^^^^^^^^^^^^^^^^^^^^^^^^^^^^^^^^^^^^^^^^^^^^^^[0m
  [90m21 |[0m [36mimport[0m [33mGlobeIcon[0m [36mfrom[0m [32m"../../static/svg/Globe.svg"[0m; 
  [90m22 |[0m [36mimport[0m [33mFlagIcon[0m [36mfrom[0m [32m"../../static/svg/Flag.svg"[0m; 
  [90m23 |[0m [36mimport[0m [33mSproutIcon[0m [36mfrom[0m [32m"../../static/svg/Sprout.svg"[0m;



Import traces:
  #1 [Server Component]:
    ./legacy/site-pages/index.tsx
    ./legacy/components/blog-renderer.tsx
    ./app/blog/[[...slug]]/page.tsx

  #2 [Server Component]:
    ./legacy/site-pages/index.tsx
    ./lib/site-pages.tsx
    ./app/[...slug]/page.tsx

https://nextjs.org/docs/messages/module-not-found


./legacy/site-pages/pcf.tsx:22:1
Module not found: Can't resolve '../../static/svg/Search.svg'
  [90m20 |[0m [36mimport[0m [33mFileCheckIcon[0m [36mfrom[0m [32m"../../static/svg/FileCheck.svg"[0m; 
  [90m21 |[0m [36mimport[0m [33mLayerIcon[0m [36mfrom[0m [32m"../../static/svg/Layer.svg"[0m; 
[31m[1m>[0m [90m22 |[0m [36mimport[0m [33mSearchIcon[0m [36mfrom[0m [32m"../../static/svg/Search.svg"[0m; 
  [90m   |[0m [31m[1m^^^^^^^^^^^^^^^^^^^^^^^^^^^^^^^^^^^^^^^^^^^^^^^^^^^^^[0m
  [90m23 |[0m [36mimport[0m { getPageData } [36mfrom[0m [32m'@/lib/page-data'[0m;
  [90m24 |[0m [36mimport[0m { useTranslate } [36mfrom[0m [32m'@/lib/use-translate'[0m;
  [90m25 |[0m



Import traces:
  #1 [Server Component]:
    ./legacy/site-pages/pcf.tsx
    ./legacy/components/blog-renderer.tsx
    ./app/blog/[[...slug]]/page.tsx

  #2 [Server Component]:
    ./legacy/site-pages/pcf.tsx
    ./lib/site-pages.tsx
    ./app/[...slug]/page.tsx

https://nextjs.org/docs/messages/module-not-found


./legacy/site-pages/cbam.tsx:18:1
Module not found: Can't resolve '../../static/svg/Sprout.svg'
  [90m16 |[0m [36mimport[0m [33mGlobeIcon[0m [36mfrom[0m [32m"../../static/svg/Globe.svg"[0m; 
  [90m17 |[0m [36mimport[0m [33mFlagIcon[0m [36mfrom[0m [32m"../../static/svg/Flag.svg"[0m; 
[31m[1m>[0m [90m18 |[0m [36mimport[0m [33mSproutIcon[0m [36mfrom[0m [32m"../../static/svg/Sprout.svg"[0m; 
  [90m   |[0m [31m[1m^^^^^^^^^^^^^^^^^^^^^^^^^^^^^^^^^^^^^^^^^^^^^^^^^^^^^[0m
  [90m19 |[0m [36mimport[0m [33mHandshakeIcon[0m [36mfrom[0m [32m"../../static/svg/Handshake.svg"[0m; 
  [90m20 |[0m [36mimport[0m [33mFileCheckIcon[0m [36mfrom[0m [32m"../../static/svg/FileCheck.svg"[0m; 
  [90m21 |[0m [36mimport[0m [33mLayerIcon[0m [36mfrom[0m [32m"../../static/svg/Layer.svg"[0m;



Import traces:
  #1 [Server Component]:
    ./legacy/site-pages/cbam.tsx
    ./legacy/components/blog-renderer.tsx
    ./app/blog/[[...slug]]/page.tsx

  #2 [Server Component]:
    ./legacy/site-pages/cbam.tsx
    ./lib/site-pages.tsx
    ./app/[...slug]/page.tsx

https://nextjs.org/docs/messages/module-not-found


./legacy/site-pages/index.tsx:23:1
Module not found: Can't resolve '../../static/svg/Sprout.svg'
  [90m21 |[0m [36mimport[0m [33mGlobeIcon[0m [36mfrom[0m [32m"../../static/svg/Globe.svg"[0m; 
  [90m22 |[0m [36mimport[0m [33mFlagIcon[0m [36mfrom[0m [32m"../../static/svg/Flag.svg"[0m; 
[31m[1m>[0m [90m23 |[0m [36mimport[0m [33mSproutIcon[0m [36mfrom[0m [32m"../../static/svg/Sprout.svg"[0m; 
  [90m   |[0m [31m[1m^^^^^^^^^^^^^^^^^^^^^^^^^^^^^^^^^^^^^^^^^^^^^^^^^^^^^[0m
  [90m24 |[0m [36mimport[0m [33mHandshakeIcon[0m [36mfrom[0m [32m"../../static/svg/Handshake.svg"[0m; 
  [90m25 |[0m [36mimport[0m { getPageData } [36mfrom[0m [32m'@/lib/page-data'[0m;
  [90m26 |[0m [36mimport[0m { useTranslate } [36mfrom[0m [32m'@/lib/use-translate'[0m;



Import traces:
  #1 [Server Component]:
    ./legacy/site-pages/index.tsx
    ./legacy/components/blog-renderer.tsx
    ./app/blog/[[...slug]]/page.tsx

  #2 [Server Component]:
    ./legacy/site-pages/index.tsx
    ./lib/site-pages.tsx
    ./app/[...slug]/page.tsx

https://nextjs.org/docs/messages/module-not-found


./legacy/site-pages/pcf.tsx:18:1
Module not found: Can't resolve '../../static/svg/Sprout.svg'
  [90m16 |[0m [36mimport[0m [33mGlobeIcon[0m [36mfrom[0m [32m"../../static/svg/Globe.svg"[0m; 
  [90m17 |[0m [36mimport[0m [33mFlagIcon[0m [36mfrom[0m [32m"../../static/svg/Flag.svg"[0m; 
[31m[1m>[0m [90m18 |[0m [36mimport[0m [33mSproutIcon[0m [36mfrom[0m [32m"../../static/svg/Sprout.svg"[0m; 
  [90m   |[0m [31m[1m^^^^^^^^^^^^^^^^^^^^^^^^^^^^^^^^^^^^^^^^^^^^^^^^^^^^^[0m
  [90m19 |[0m [36mimport[0m [33mHandshakeIcon[0m [36mfrom[0m [32m"../../static/svg/Handshake.svg"[0m; 
  [90m20 |[0m [36mimport[0m [33mFileCheckIcon[0m [36mfrom[0m [32m"../../static/svg/FileCheck.svg"[0m; 
  [90m21 |[0m [36mimport[0m [33mLayerIcon[0m [36mfrom[0m [32m"../../static/svg/Layer.svg"[0m;



Import traces:
  #1 [Server Component]:
    ./legacy/site-pages/pcf.tsx
    ./legacy/components/blog-renderer.tsx
    ./app/blog/[[...slug]]/page.tsx

  #2 [Server Component]:
    ./legacy/site-pages/pcf.tsx
    ./lib/site-pages.tsx
    ./app/[...slug]/page.tsx

https://nextjs.org/docs/messages/module-not-found


./legacy/site-pages/platform.tsx:12:1
Module not found: Can't resolve '../../static/svg/Sprout.svg'
  [90m10 |[0m [36mimport[0m [33mGlobeIcon[0m [36mfrom[0m [32m"../../static/svg/Globe.svg"[0m; 
  [90m11 |[0m [36mimport[0m [33mFlagIcon[0m [36mfrom[0m [32m"../../static/svg/Flag.svg"[0m; 
[31m[1m>[0m [90m12 |[0m [36mimport[0m [33mSproutIcon[0m [36mfrom[0m [32m"../../static/svg/Sprout.svg"[0m; 
  [90m   |[0m [31m[1m^^^^^^^^^^^^^^^^^^^^^^^^^^^^^^^^^^^^^^^^^^^^^^^^^^^^^[0m
  [90m13 |[0m [36mimport[0m [33mHandshakeIcon[0m [36mfrom[0m [32m"../../static/svg/Handshake.svg"[0m; 
  [90m14 |[0m [36mimport[0m { [33mDisplayItem[0m } [36mfrom[0m [32m'../libs/types'[0m;
  [90m15 |[0m [36mimport[0m { getPageData } [36mfrom[0m [32m'@/lib/page-data'[0m;



Import traces:
  #1 [Server Component]:
    ./legacy/site-pages/platform.tsx
    ./legacy/components/blog-renderer.tsx
    ./app/blog/[[...slug]]/page.tsx

  #2 [Server Component]:
    ./legacy/site-pages/platform.tsx
    ./lib/site-pages.tsx
    ./app/[...slug]/page.tsx

https://nextjs.org/docs/messages/module-not-found


./legacy/site-pages/solution.tsx:26:1
Module not found: Can't resolve '../../static/svg/Sprout.svg'
  [90m24 |[0m [36mimport[0m [33mGlobeIcon[0m [36mfrom[0m [32m"../../static/svg/Globe.svg"[0m; 
  [90m25 |[0m [36mimport[0m [33mFlagIcon[0m [36mfrom[0m [32m"../../static/svg/Flag.svg"[0m; 
[31m[1m>[0m [90m26 |[0m [36mimport[0m [33mSproutIcon[0m [36mfrom[0m [32m"../../static/svg/Sprout.svg"[0m; 
  [90m   |[0m [31m[1m^^^^^^^^^^^^^^^^^^^^^^^^^^^^^^^^^^^^^^^^^^^^^^^^^^^^^[0m
  [90m27 |[0m [36mimport[0m [33mHandshakeIcon[0m [36mfrom[0m [32m"../../static/svg/Handshake.svg"[0m; 
  [90m28 |[0m [36mimport[0m { getPageData } [36mfrom[0m [32m'@/lib/page-data'[0m;
  [90m29 |[0m [36mimport[0m { useTranslate } [36mfrom[0m [32m'@/lib/use-translate'[0m;



Import traces:
  #1 [Server Component]:
    ./legacy/site-pages/solution.tsx
    ./legacy/components/blog-renderer.tsx
    ./app/blog/[[...slug]]/page.tsx

  #2 [Server Component]:
    ./legacy/site-pages/solution.tsx
    ./lib/site-pages.tsx
    ./app/[...slug]/page.tsx

https://nextjs.org/docs/messages/module-not-found


./legacy/site-pages/index.tsx:12:1
Module not found: Can't resolve '../../static/svg/Strategy.svg'
  [90m10 |[0m [36mimport[0m { motion } [36mfrom[0m [32m"framer-motion"[0m;
  [90m11 |[0m [36mimport[0m [33mArrowIcon[0m [36mfrom[0m [32m"../../static/svg/Arrow.svg"[0m;
[31m[1m>[0m [90m12 |[0m [36mimport[0m [33mStrategyIcon[0m [36mfrom[0m [32m"../../static/svg/Strategy.svg"[0m;
  [90m   |[0m [31m[1m^^^^^^^^^^^^^^^^^^^^^^^^^^^^^^^^^^^^^^^^^^^^^^^^^^^^^^^^^[0m
  [90m13 |[0m [36mimport[0m [33mChartIcon[0m [36mfrom[0m [32m"../../static/svg/Chart.svg"[0m;
  [90m14 |[0m [36mimport[0m [33mChain[0m [36mfrom[0m [32m"../../static/svg/Chain.svg"[0m;
  [90m15 |[0m [36mimport[0m [33mBoard[0m [36mfrom[0m [32m"../../static/svg/Board.svg"[0m;



Import traces:
  #1 [Server Component]:
    ./legacy/site-pages/index.tsx
    ./legacy/components/blog-renderer.tsx
    ./app/blog/[[...slug]]/page.tsx

  #2 [Server Component]:
    ./legacy/site-pages/index.tsx
    ./lib/site-pages.tsx
    ./app/[...slug]/page.tsx

https://nextjs.org/docs/messages/module-not-found


./legacy/data/company_en.data.tsx:2:1
Module not found: Can't resolve '../../static/svg/Synergy.svg'
  [90m1 |[0m [90m// Used by [0m
[31m[1m>[0m [90m2 |[0m [36mimport[0m [33mSynergyIcon[0m [36mfrom[0m [32m"../../static/svg/Synergy.svg"[0m;
  [90m  |[0m [31m[1m^^^^^^^^^^^^^^^^^^^^^^^^^^^^^^^^^^^^^^^^^^^^^^^^^^^^^^^[0m
  [90m3 |[0m [36mimport[0m [33mBoldIcon[0m [36mfrom[0m [32m"../../static/svg/Bold.svg"[0m;
  [90m4 |[0m [36mimport[0m [33mReliableIcon[0m [36mfrom[0m [32m"../../static/svg/Reliable.svg"[0m;
  [90m5 |[0m



Import traces:
  Server Component:
    ./legacy/data/company_en.data.tsx
    ./legacy/components/blog-renderer.tsx
    ./app/blog/[[...slug]]/page.tsx

  Client Component Browser:
    ./legacy/data/company_en.data.tsx [Client Component Browser]
    ./lib/page-data.ts [Client Component Browser]
    ./legacy/site-pages/solution.tsx [Client Component Browser]
    ./legacy/site-pages/solution.tsx [Server Component]
    ./lib/site-pages.tsx [Server Component]
    ./app/[...slug]/page.tsx [Server Component]

  Client Component SSR:
    ./legacy/data/company_en.data.tsx [Client Component SSR]
    ./lib/page-data.ts [Client Component SSR]
    ./legacy/site-pages/solution.tsx [Client Component SSR]
    ./legacy/site-pages/solution.tsx [Server Component]
    ./lib/site-pages.tsx [Server Component]
    ./app/[...slug]/page.tsx [Server Component]

https://nextjs.org/docs/messages/module-not-found


./legacy/data/company_es.data.tsx:1:1
Module not found: Can't resolve '../../static/svg/Synergy.svg'
[31m[1m>[0m [90m1 |[0m [36mimport[0m [33mSynergyIcon[0m [36mfrom[0m [32m"../../static/svg/Synergy.svg"[0m;
  [90m  |[0m [31m[1m^^^^^^^^^^^^^^^^^^^^^^^^^^^^^^^^^^^^^^^^^^^^^^^^^^^^^^^[0m
  [90m2 |[0m [36mimport[0m [33mBoldIcon[0m [36mfrom[0m [32m"../../static/svg/Bold.svg"[0m;
  [90m3 |[0m [36mimport[0m [33mReliableIcon[0m [36mfrom[0m [32m"../../static/svg/Reliable.svg"[0m;
  [90m4 |[0m



Import traces:
  Server Component:
    ./legacy/data/company_es.data.tsx
    ./legacy/components/blog-renderer.tsx
    ./app/blog/[[...slug]]/page.tsx

  Client Component Browser:
    ./legacy/data/company_es.data.tsx [Client Component Browser]
    ./lib/page-data.ts [Client Component Browser]
    ./legacy/site-pages/solution.tsx [Client Component Browser]
    ./legacy/site-pages/solution.tsx [Server Component]
    ./lib/site-pages.tsx [Server Component]
    ./app/[...slug]/page.tsx [Server Component]

  Client Component SSR:
    ./legacy/data/company_es.data.tsx [Client Component SSR]
    ./lib/page-data.ts [Client Component SSR]
    ./legacy/site-pages/solution.tsx [Client Component SSR]
    ./legacy/site-pages/solution.tsx [Server Component]
    ./lib/site-pages.tsx [Server Component]
    ./app/[...slug]/page.tsx [Server Component]

https://nextjs.org/docs/messages/module-not-found


./legacy/data/company_ko.data.tsx:2:1
Module not found: Can't resolve '../../static/svg/Synergy.svg'
  [90m1 |[0m [90m// Used by [0m
[31m[1m>[0m [90m2 |[0m [36mimport[0m [33mSynergyIcon[0m [36mfrom[0m [32m"../../static/svg/Synergy.svg"[0m;
  [90m  |[0m [31m[1m^^^^^^^^^^^^^^^^^^^^^^^^^^^^^^^^^^^^^^^^^^^^^^^^^^^^^^^[0m
  [90m3 |[0m [36mimport[0m [33mBoldIcon[0m [36mfrom[0m [32m"../../static/svg/Bold.svg"[0m;
  [90m4 |[0m [36mimport[0m [33mReliableIcon[0m [36mfrom[0m [32m"../../static/svg/Reliable.svg"[0m;
  [90m5 |[0m



Import traces:
  Server Component:
    ./legacy/data/company_ko.data.tsx
    ./legacy/components/blog-renderer.tsx
    ./app/blog/[[...slug]]/page.tsx

  Client Component Browser:
    ./legacy/data/company_ko.data.tsx [Client Component Browser]
    ./lib/page-data.ts [Client Component Browser]
    ./legacy/site-pages/solution.tsx [Client Component Browser]
    ./legacy/site-pages/solution.tsx [Server Component]
    ./lib/site-pages.tsx [Server Component]
    ./app/[...slug]/page.tsx [Server Component]

  Client Component SSR:
    ./legacy/data/company_ko.data.tsx [Client Component SSR]
    ./lib/page-data.ts [Client Component SSR]
    ./legacy/site-pages/solution.tsx [Client Component SSR]
    ./legacy/site-pages/solution.tsx [Server Component]
    ./lib/site-pages.tsx [Server Component]
    ./app/[...slug]/page.tsx [Server Component]

https://nextjs.org/docs/messages/module-not-found


./legacy/site-pages/company.tsx:11:1
Module not found: Can't resolve '../../static/svg/Web.svg'
  [90m 9 |[0m [36mimport[0m { motion } [36mfrom[0m [32m"framer-motion"[0m;
  [90m10 |[0m [36mimport[0m [33mLinkedInIcon[0m [36mfrom[0m [32m"../../static/svg/LinkedIn.svg"[0m;
[31m[1m>[0m [90m11 |[0m [36mimport[0m [33mWebIcon[0m [36mfrom[0m [32m"../../static/svg/Web.svg"[0m;
  [90m   |[0m [31m[1m^^^^^^^^^^^^^^^^^^^^^^^^^^^^^^^^^^^^^^^^^^^^^^^[0m
  [90m12 |[0m [36mimport[0m [33mLink[0m [36mfrom[0m [32m"@docusaurus/Link"[0m;
  [90m13 |[0m [36mimport[0m { getPageData } [36mfrom[0m [32m'@/lib/page-data'[0m;
  [90m14 |[0m [36mimport[0m { useTranslate } [36mfrom[0m [32m'@/lib/use-translate'[0m;



Import traces:
  #1 [Server Component]:
    ./legacy/site-pages/company.tsx
    ./legacy/components/blog-renderer.tsx
    ./app/blog/[[...slug]]/page.tsx

  #2 [Server Component]:
    ./legacy/site-pages/company.tsx
    ./lib/site-pages.tsx
    ./app/[...slug]/page.tsx

https://nextjs.org/docs/messages/module-not-found


    at <unknown> (./legacy/components/theme/CardMedia.tsx:2:1)
    at <unknown> (https://nextjs.org/docs/messages/module-not-found)
    at <unknown> (./legacy/site-pages/cbam.tsx:13:1)
    at <unknown> (https://nextjs.org/docs/messages/module-not-found)
    at <unknown> (./legacy/site-pages/index.tsx:11:1)
    at <unknown> (https://nextjs.org/docs/messages/module-not-found)
    at <unknown> (./legacy/site-pages/scope3.tsx:13:1)
    at <unknown> (https://nextjs.org/docs/messages/module-not-found)
    at <unknown> (./legacy/site-pages/cbam.tsx:9:1)
    at <unknown> (https://nextjs.org/docs/messages/module-not-found)
    at <unknown> (./legacy/site-pages/hana-ai.tsx:10:1)
    at <unknown> (https://nextjs.org/docs/messages/module-not-found)
    at <unknown> (./legacy/site-pages/index.tsx:15:1)
    at <unknown> (https://nextjs.org/docs/messages/module-not-found)
    at <unknown> (./legacy/site-pages/pcf.tsx:9:1)
    at <unknown> (https://nextjs.org/docs/messages/module-not-found)
    at <unknown> (./legacy/site-pages/scope3.tsx:9:1)
    at <unknown> (https://nextjs.org/docs/messages/module-not-found)
    at <unknown> (./legacy/data/company_en.data.tsx:3:1)
    at <unknown> (https://nextjs.org/docs/messages/module-not-found)
    at <unknown> (./legacy/data/company_es.data.tsx:2:1)
    at <unknown> (https://nextjs.org/docs/messages/module-not-found)
    at <unknown> (./legacy/data/company_ko.data.tsx:3:1)
    at <unknown> (https://nextjs.org/docs/messages/module-not-found)
    at <unknown> (./legacy/site-pages/index.tsx:14:1)
    at <unknown> (https://nextjs.org/docs/messages/module-not-found)
    at <unknown> (./legacy/site-pages/hana-ai.tsx:9:1)
    at <unknown> (https://nextjs.org/docs/messages/module-not-found)
    at <unknown> (./legacy/site-pages/index.tsx:13:1)
    at <unknown> (https://nextjs.org/docs/messages/module-not-found)
    at <unknown> (./legacy/site-pages/cbam.tsx:14:1)
    at <unknown> (https://nextjs.org/docs/messages/module-not-found)
    at <unknown> (./legacy/site-pages/index.tsx:16:1)
    at <unknown> (https://nextjs.org/docs/messages/module-not-found)
    at <unknown> (./legacy/site-pages/pcf.tsx:14:1)
    at <unknown> (https://nextjs.org/docs/messages/module-not-found)
    at <unknown> (./legacy/site-pages/scope3.tsx:14:1)
    at <unknown> (https://nextjs.org/docs/messages/module-not-found)
    at <unknown> (./legacy/site-pages/cbam.tsx:20:1)
    at <unknown> (https://nextjs.org/docs/messages/module-not-found)
    at <unknown> (./legacy/site-pages/index.tsx:17:1)
    at <unknown> (https://nextjs.org/docs/messages/module-not-found)
    at <unknown> (./legacy/site-pages/pcf.tsx:20:1)
    at <unknown> (https://nextjs.org/docs/messages/module-not-found)
    at <unknown> (./legacy/site-pages/cbam.tsx:17:1)
    at <unknown> (https://nextjs.org/docs/messages/module-not-found)
    at <unknown> (./legacy/site-pages/index.tsx:22:1)
    at <unknown> (https://nextjs.org/docs/messages/module-not-found)
    at <unknown> (./legacy/site-pages/pcf.tsx:17:1)
    at <unknown> (https://nextjs.org/docs/messages/module-not-found)
    at <unknown> (./legacy/site-pages/platform.tsx:11:1)
    at <unknown> (https://nextjs.org/docs/messages/module-not-found)
    at <unknown> (./legacy/site-pages/solution.tsx:25:1)
    at <unknown> (https://nextjs.org/docs/messages/module-not-found)
    at <unknown> (./legacy/site-pages/cbam.tsx:16:1)
    at <unknown> (https://nextjs.org/docs/messages/module-not-found)
    at <unknown> (./legacy/site-pages/index.tsx:21:1)
    at <unknown> (https://nextjs.org/docs/messages/module-not-found)
    at <unknown> (./legacy/site-pages/pcf.tsx:16:1)
    at <unknown> (https://nextjs.org/docs/messages/module-not-found)
    at <unknown> (./legacy/site-pages/platform.tsx:10:1)
    at <unknown> (https://nextjs.org/docs/messages/module-not-found)
    at <unknown> (./legacy/site-pages/solution.tsx:24:1)
    at <unknown> (https://nextjs.org/docs/messages/module-not-found)
    at <unknown> (./legacy/site-pages/cbam.tsx:19:1)
    at <unknown> (https://nextjs.org/docs/messages/module-not-found)
    at <unknown> (./legacy/site-pages/index.tsx:24:1)
    at <unknown> (https://nextjs.org/docs/messages/module-not-found)
    at <unknown> (./legacy/site-pages/pcf.tsx:19:1)
    at <unknown> (https://nextjs.org/docs/messages/module-not-found)
    at <unknown> (./legacy/site-pages/platform.tsx:13:1)
    at <unknown> (https://nextjs.org/docs/messages/module-not-found)
    at <unknown> (./legacy/site-pages/solution.tsx:27:1)
    at <unknown> (https://nextjs.org/docs/messages/module-not-found)
    at <unknown> (./legacy/site-pages/cbam.tsx:21:1)
    at <unknown> (https://nextjs.org/docs/messages/module-not-found)
    at <unknown> (./legacy/site-pages/index.tsx:19:1)
    at <unknown> (https://nextjs.org/docs/messages/module-not-found)
    at <unknown> (./legacy/site-pages/pcf.tsx:21:1)
    at <unknown> (https://nextjs.org/docs/messages/module-not-found)
    at <unknown> (./legacy/site-pages/company.tsx:10:1)
    at <unknown> (https://nextjs.org/docs/messages/module-not-found)
    at <unknown> (./legacy/site-pages/cbam.tsx:15:1)
    at <unknown> (https://nextjs.org/docs/messages/module-not-found)
    at <unknown> (./legacy/site-pages/index.tsx:18:1)
    at <unknown> (https://nextjs.org/docs/messages/module-not-found)
    at <unknown> (./legacy/site-pages/pcf.tsx:15:1)
    at <unknown> (https://nextjs.org/docs/messages/module-not-found)
    at <unknown> (./legacy/site-pages/scope3.tsx:15:1)
    at <unknown> (https://nextjs.org/docs/messages/module-not-found)
    at <unknown> (./legacy/data/company_en.data.tsx:4:1)
    at <unknown> (https://nextjs.org/docs/messages/module-not-found)
    at <unknown> (./legacy/data/company_es.data.tsx:3:1)
    at <unknown> (https://nextjs.org/docs/messages/module-not-found)
    at <unknown> (./legacy/data/company_ko.data.tsx:4:1)
    at <unknown> (https://nextjs.org/docs/messages/module-not-found)
    at <unknown> (./legacy/site-pages/cbam.tsx:22:1)
    at <unknown> (https://nextjs.org/docs/messages/module-not-found)
    at <unknown> (./legacy/site-pages/index.tsx:20:1)
    at <unknown> (https://nextjs.org/docs/messages/module-not-found)
    at <unknown> (./legacy/site-pages/pcf.tsx:22:1)
    at <unknown> (https://nextjs.org/docs/messages/module-not-found)
    at <unknown> (./legacy/site-pages/cbam.tsx:18:1)
    at <unknown> (https://nextjs.org/docs/messages/module-not-found)
    at <unknown> (./legacy/site-pages/index.tsx:23:1)
    at <unknown> (https://nextjs.org/docs/messages/module-not-found)
    at <unknown> (./legacy/site-pages/pcf.tsx:18:1)
    at <unknown> (https://nextjs.org/docs/messages/module-not-found)
    at <unknown> (./legacy/site-pages/platform.tsx:12:1)
    at <unknown> (https://nextjs.org/docs/messages/module-not-found)
    at <unknown> (./legacy/site-pages/solution.tsx:26:1)
    at <unknown> (https://nextjs.org/docs/messages/module-not-found)
    at <unknown> (./legacy/site-pages/index.tsx:12:1)
    at <unknown> (https://nextjs.org/docs/messages/module-not-found)
    at <unknown> (./legacy/data/company_en.data.tsx:2:1)
    at <unknown> (https://nextjs.org/docs/messages/module-not-found)
    at <unknown> (./legacy/data/company_es.data.tsx:1:1)
    at <unknown> (https://nextjs.org/docs/messages/module-not-found)
    at <unknown> (./legacy/data/company_ko.data.tsx:2:1)
    at <unknown> (https://nextjs.org/docs/messages/module-not-found)
    at <unknown> (./legacy/site-pages/company.tsx:11:1)
    at <unknown> (https://nextjs.org/docs/messages/module-not-found)
error Command failed with exit code 1.
info Visit https://yarnpkg.com/en/docs/cli/run for documentation about this command.
